<html>
<body>
<pre>
<h1>µVision Build Log</h1>
<h2>Project:</h2>
C:\2E\AUTORUN\N9H20\N9H20\BSP\SampleCode\USBD\HID_Transfer_FirmwareUpdate\HID_Transfer_FirmwareUpdate\KEIL\HID_Transfer_FirmwareUpdate.uvproj
Project File Date:  01/13/2023

<h2>Output:</h2>
  
Build target 'N9H20K5_HID_Transfer_FirmwareUpdate'
compiling standalone.c...
assembling wb_init.s...
compiling main.c...
compiling jpegDec.c...
compiling HID.c...
compiling spi.c...
compiling spiflash.c...
compiling SpiRead.c...
..\SpiRead.c(65): warning:  #223-D: function "spiTxLen" declared implicitly
      spiTxLen(0, 0, 8);
..\SpiRead.c(66): warning:  #223-D: function "spiActive" declared implicitly
      spiActive(0);
..\SpiRead.c: 2 warnings, 0 errors
linking...
Program Size: Code=60004 RO-data=84 RW-data=1068 ZI-data=1356172  
After Build - User command #1: fromelf.exe --bin --output "C:\2E\AUTORUN\N9H20\N9H20\BSP\SampleCode\USBD\HID_Transfer_FirmwareUpdate\HID_Transfer_FirmwareUpdate\KEIL\N9H20K5\HID_Transfer_FirmwareUpdate.bin" "C:\2E\AUTORUN\N9H20\N9H20\BSP\SampleCode\USBD\HID_Transfer_FirmwareUpdate\HID_Transfer_FirmwareUpdate\KEIL\N9H20K5\HID_Transfer_FirmwareUpdate.axf"
".\N9H20K5\HID_Transfer_FirmwareUpdate.axf" - 0 Error(s), 2 Warning(s).
  
Build target 'N9H20K3_HID_Transfer_FirmwareUpdate'
compiling standalone.c...
assembling wb_init.s...
compiling main.c...
compiling jpegDec.c...
compiling HID.c...
compiling spi.c...
compiling spiflash.c...
compiling SpiRead.c...
..\SpiRead.c(65): warning:  #223-D: function "spiTxLen" declared implicitly
      spiTxLen(0, 0, 8);
..\SpiRead.c(66): warning:  #223-D: function "spiActive" declared implicitly
      spiActive(0);
..\SpiRead.c: 2 warnings, 0 errors
linking...
Program Size: Code=60004 RO-data=84 RW-data=1068 ZI-data=1356172  
After Build - User command #1: fromelf.exe --bin --output "C:\2E\AUTORUN\N9H20\N9H20\BSP\SampleCode\USBD\HID_Transfer_FirmwareUpdate\HID_Transfer_FirmwareUpdate\KEIL\N9H20K3\HID_Transfer_FirmwareUpdate.bin" "C:\2E\AUTORUN\N9H20\N9H20\BSP\SampleCode\USBD\HID_Transfer_FirmwareUpdate\HID_Transfer_FirmwareUpdate\KEIL\N9H20K3\HID_Transfer_FirmwareUpdate.axf"
".\N9H20K3\HID_Transfer_FirmwareUpdate.axf" - 0 Error(s), 2 Warning(s).
  
Build target 'N9H20K1_HID_Transfer_FirmwareUpdate'
compiling standalone.c...
assembling wb_init.s...
compiling main.c...
compiling jpegDec.c...
compiling HID.c...
compiling spi.c...
compiling spiflash.c...
compiling SpiRead.c...
..\SpiRead.c(65): warning:  #223-D: function "spiTxLen" declared implicitly
      spiTxLen(0, 0, 8);
..\SpiRead.c(66): warning:  #223-D: function "spiActive" declared implicitly
      spiActive(0);
..\SpiRead.c: 2 warnings, 0 errors
linking...
Program Size: Code=60004 RO-data=84 RW-data=1068 ZI-data=1356172  
After Build - User command #1: fromelf.exe --bin --output "C:\2E\AUTORUN\N9H20\N9H20\BSP\SampleCode\USBD\HID_Transfer_FirmwareUpdate\HID_Transfer_FirmwareUpdate\KEIL\N9H20K1\HID_Transfer_FirmwareUpdate.bin" "C:\2E\AUTORUN\N9H20\N9H20\BSP\SampleCode\USBD\HID_Transfer_FirmwareUpdate\HID_Transfer_FirmwareUpdate\KEIL\N9H20K1\HID_Transfer_FirmwareUpdate.axf"
".\N9H20K1\HID_Transfer_FirmwareUpdate.axf" - 0 Error(s), 2 Warning(s).
</pre>
</body>
</html>
