<html>
<body>
<pre>
<h1>µVision Build Log</h1>
<h2>Project:</h2>
C:\2E\AUTORUN\N9H20\N9H20\BSP\SampleCode\USBD\HID_Transfer\HID_Transfer\KEIL\HID_Transfer.uvproj
Project File Date:  01/13/2023

<h2>Output:</h2>
  
Build target 'N9H20K5_HID_Transfer'
compiling standalone.c...
assembling wb_init.s...
compiling main.c...
compiling jpegDec.c...
compiling HID.c...
linking...
Program Size: Code=48764 RO-data=84 RW-data=1044 ZI-data=1351052  
After Build - User command #1: fromelf.exe --bin --output "C:\2E\AUTORUN\N9H20\N9H20\BSP\SampleCode\USBD\HID_Transfer\HID_Transfer\KEIL\N9H20K5\HID_Transfer.bin" "C:\2E\AUTORUN\N9H20\N9H20\BSP\SampleCode\USBD\HID_Transfer\HID_Transfer\KEIL\N9H20K5\HID_Transfer.axf"
".\N9H20K5\HID_Transfer.axf" - 0 Error(s), 0 Warning(s).
  
Build target 'N9H20K3_HID_Transfer'
compiling standalone.c...
assembling wb_init.s...
compiling main.c...
compiling jpegDec.c...
compiling HID.c...
linking...
Program Size: Code=48764 RO-data=84 RW-data=1044 ZI-data=1351052  
After Build - User command #1: fromelf.exe --bin --output "C:\2E\AUTORUN\N9H20\N9H20\BSP\SampleCode\USBD\HID_Transfer\HID_Transfer\KEIL\N9H20K3\HID_Transfer.bin" "C:\2E\AUTORUN\N9H20\N9H20\BSP\SampleCode\USBD\HID_Transfer\HID_Transfer\KEIL\N9H20K3\HID_Transfer.axf"
".\N9H20K3\HID_Transfer.axf" - 0 Error(s), 0 Warning(s).
  
Build target 'N9H20K1_HID_Transfer'
compiling standalone.c...
assembling wb_init.s...
compiling main.c...
compiling jpegDec.c...
compiling HID.c...
linking...
Program Size: Code=48764 RO-data=84 RW-data=1044 ZI-data=1351052  
After Build - User command #1: fromelf.exe --bin --output "C:\2E\AUTORUN\N9H20\N9H20\BSP\SampleCode\USBD\HID_Transfer\HID_Transfer\KEIL\N9H20K1\HID_Transfer.bin" "C:\2E\AUTORUN\N9H20\N9H20\BSP\SampleCode\USBD\HID_Transfer\HID_Transfer\KEIL\N9H20K1\HID_Transfer.axf"
".\N9H20K1\HID_Transfer.axf" - 0 Error(s), 0 Warning(s).
</pre>
</body>
</html>
