ARM Linker, 5.03 [Build 76] [MDK-ARM Standard]

==============================================================================

Section Cross References

    wb_init.o(WB_INIT) refers to __main.o(!!!main) for __main
    main.o(.text) refers to wb_uart.o(.text) for sysUartPort
    main.o(.text) refers to wb_config.o(.text) for sysGetExternalClock
    main.o(.text) refers to wb_cache.o(.text) for sysInvalidCache
    main.o(.text) refers to n9h20_vpost.o(.text) for vpostLCMInit
    main.o(.text) refers to jpegcodec.o(.text) for jpegOpen
    main.o(.text) refers to hid.o(.text) for HIDStart
    main.o(.text) refers to main.o(.bss) for lcdInfo
    jpegdec.o(.text) refers to jpegcodec.o(.text) for jpegGetInfo
    jpegdec.o(.text) refers to aeabi_sdiv.o(.text_udiv) for __aeabi_uidivmod
    jpegdec.o(.text) refers to main.o(.bss) for g_pu8FrameBuffer
    hid.o(.text) refers to uwrite4.o(.text) for __aeabi_uwrite4
    hid.o(.text) refers to wb_uart.o(.text) for sysprintf
    hid.o(.text) refers to uread4.o(.text) for __aeabi_uread4
    hid.o(.text) refers to rt_memcpy.o(.text) for __aeabi_memcpy
    hid.o(.text) refers to usbd.o(.bss) for usbdInfo
    hid.o(.text) refers to hid.o(.data) for g_u32EPA_MXP
    hid.o(.text) refers to usbd.o(.data) for _usb_cmd_pkt
    hid.o(.text) refers to hid.o(.bss) for g_Parameter
    hid.o(.text) refers to main.o(.bss) for g_pu8FrameBuffer
    hid.o(.text) refers to wb_timer.o(.text) for sysEnableWatchDogTimer
    hid.o(.text) refers to jpegdec.o(.text) for JpegDec
    hid.o(.text) refers to usbd.o(.text) for udcOpen
    n9h20_vpost.o(.text) refers to n9h20_vpost_fw043tft_480x272.o(.text) for vpostLCMInit_FW043TFT_480x272
    n9h20_vpost.o(.text) refers to n9h20_vpost.o(.data) for g_VAFrameBuf
    jpegcodec.o(.text) refers to fflt_clz.o(x$fpl$fflt) for __aeabi_i2f
    jpegcodec.o(.text) refers to fdiv.o(x$fpl$fdiv) for __aeabi_fdiv
    jpegcodec.o(.text) refers to scalbnf.o(x$fpl$scalbnf) for __ARM_scalbnf
    jpegcodec.o(.text) refers to ffixu.o(x$fpl$ffixu) for __aeabi_f2uiz
    jpegcodec.o(.text) refers to fflt_clz.o(x$fpl$ffltu) for __aeabi_ui2f
    jpegcodec.o(.text) refers to aeabi_sdiv.o(.text_udiv) for __aeabi_uidivmod
    jpegcodec.o(.text) refers to rt_memcpy_w.o(.text) for __aeabi_memcpy4
    jpegcodec.o(.text) refers to wb_config.o(.text) for sysGetSystemClock
    jpegcodec.o(.text) refers to wb_aic.o(.text) for sysInstallISR
    jpegcodec.o(.text) refers to rt_memclr_w.o(.text) for __aeabi_memclr4
    jpegcodec.o(.text) refers to jpegcodec.o(.data) for .data
    jpegcodec.o(.text) refers to jpegcodec.o(.bss) for .bss
    usbd.o(.text) refers to uwrite4.o(.text) for __aeabi_uwrite4
    usbd.o(.text) refers to wb_uart.o(.text) for sysprintf
    usbd.o(.text) refers to wb_config.o(.text) for sysGetExternalClock
    usbd.o(.text) refers to aeabi_sdiv.o(.text_udiv) for __aeabi_uidivmod
    usbd.o(.text) refers to uread4.o(.text) for __aeabi_uread4
    usbd.o(.text) refers to usbd.o(.bss) for usbdInfo
    usbd.o(.text) refers to usbd.o(.data) for _usb_cmd_pkt
    usbd.o(.text) refers to wb_aic.o(.text) for sysInstallISR
    wb_cache.o(.text) refers to wb_mmu.o(.text) for sysInitMMUTable
    wb_cache.o(.text) refers to wb_cache.o(.emb_text) for sys_flush_and_clean_dcache
    wb_cache.o(.text) refers to wb_cache.o(.data) for _sys_IsCacheOn
    wb_config.o(.text) refers to rt_memcpy.o(.text) for __aeabi_memcpy
    wb_config.o(.text) refers to aeabi_sdiv.o(.text_udiv) for __aeabi_uidivmod
    wb_config.o(.text) refers to wb_power.o(.bss) for _tmp_buf
    wb_config.o(.text) refers to wb_config.o(.data) for bIsCheckPllConstraint
    wb_config.o(.text) refers to wb_config.o(.constdata) for .constdata
    wb_config.o(.text) refers to wb_uart.o(.text) for sysGetChipVersion
    wb_config.o(.text) refers to aeabi_sdiv.o(.text) for __aeabi_idivmod
    wb_config.o(.text) refers to wb_timer.o(.text) for sysDelay
    wb_timer.o(.text) refers to wb_aic.o(.text) for sysInstallISR
    wb_timer.o(.text) refers to aeabi_sdiv.o(.text_udiv) for __aeabi_uidivmod
    wb_timer.o(.text) refers to wb_timer.o(.data) for _sys_uTimer0Count
    wb_timer.o(.text) refers to wb_timer.o(.bss) for tTime0Event
    wb_uart.o(.text) refers to aeabi_sdiv.o(.text_udiv) for __aeabi_uidivmod
    wb_uart.o(.text) refers to wb_aic.o(.text) for sysInstallISR
    wb_uart.o(.text) refers to strlen.o(.text) for strlen
    wb_uart.o(.text) refers to wb_config.o(.text) for sysGetExternalClock
    wb_uart.o(.text) refers to wb_uart.o(.data) for u32UartPort
    wb_uart.o(.text) refers to wb_uart.o(.bss) for pfnUartIntHandlerTable
    wb_uart.o(.data) refers to wb_uart.o(.text) for UartPort
    n9h20_vpost_fw043tft_480x272.o(.text) refers to aeabi_sdiv.o(.text_udiv) for __aeabi_uidivmod
    n9h20_vpost_fw043tft_480x272.o(.text) refers to n9h20_vpost_driver.o(.text) for vpostVAStopTrigger
    n9h20_vpost_fw043tft_480x272.o(.text) refers to n9h20_vpost_fw043tft_480x272.o(.constdata) for .constdata
[...]
    ../clib/angel/sys.s                      0x00000000   Number         0  libspace.o ABSOLUTE
    ../clib/angel/sys.s                      0x00000000   Number         0  indicate_semi.o ABSOLUTE
    ../clib/angel/sys.s                      0x00000000   Number         0  mutex_dummy.o ABSOLUTE
    ../clib/angel/sys.s                      0x00000000   Number         0  use_no_semi.o ABSOLUTE
    ../clib/angel/sys.s                      0x00000000   Number         0  sys_stackheap_outer.o ABSOLUTE
    ../clib/angel/sysapp.c                   0x00000000   Number         0  sys_command.o ABSOLUTE
    ../clib/armsys.c                         0x00000000   Number         0  _get_argv.o ABSOLUTE
    ../clib/armsys.c                         0x00000000   Number         0  _get_argv_nomalloc.o ABSOLUTE
    ../clib/armsys.c                         0x00000000   Number         0  no_argv.o ABSOLUTE
    ../clib/armsys.c                         0x00000000   Number         0  argv_veneer.o ABSOLUTE
    ../clib/armsys.c                         0x00000000   Number         0  argv_veneer.o ABSOLUTE
    ../clib/division.s                       0x00000000   Number         0  aeabi_sdiv_div0.o ABSOLUTE
    ../clib/division.s                       0x00000000   Number         0  aeabi_sdiv.o ABSOLUTE
    ../clib/divrt.s                          0x00000000   Number         0  divrt_9e_div0.o ABSOLUTE
    ../clib/divrt.s                          0x00000000   Number         0  divrt_9e.o ABSOLUTE
    ../clib/heap1.c                          0x00000000   Number         0  h1_free.o ABSOLUTE
    ../clib/heap1.c                          0x00000000   Number         0  h1_final.o ABSOLUTE
    ../clib/heap1.c                          0x00000000   Number         0  h1_alloc.o ABSOLUTE
    ../clib/heap1.c                          0x00000000   Number         0  h1_extend.o ABSOLUTE
    ../clib/heap1.c                          0x00000000   Number         0  h1_extend_mt.o ABSOLUTE
    ../clib/heap1.c                          0x00000000   Number         0  h1_final_mt.o ABSOLUTE
    ../clib/heap1.c                          0x00000000   Number         0  h1_init.o ABSOLUTE
    ../clib/heap1.c                          0x00000000   Number         0  h1_init_mt.o ABSOLUTE
    ../clib/heap1.c                          0x00000000   Number         0  h1_free_mt.o ABSOLUTE
    ../clib/heap1.c                          0x00000000   Number         0  h1_alloc_mt.o ABSOLUTE
    ../clib/heap2.c                          0x00000000   Number         0  fdtree.o ABSOLUTE
    ../clib/heap2.c                          0x00000000   Number         0  heap2mt.o ABSOLUTE
    ../clib/heap2.c                          0x00000000   Number         0  heap2.o ABSOLUTE
    ../clib/heapalloc.c                      0x00000000   Number         0  hrguard.o ABSOLUTE
    ../clib/heapalloc.c                      0x00000000   Number         0  maybetermalloc1.o ABSOLUTE
    ../clib/heapalloc.c                      0x00000000   Number         0  maybetermalloc1.o ABSOLUTE
    ../clib/heapalloc.c                      0x00000000   Number         0  maybetermalloc2.o ABSOLUTE
    ../clib/heapalloc.c                      0x00000000   Number         0  maybetermalloc2.o ABSOLUTE
    ../clib/heapalloc.c                      0x00000000   Number         0  hguard.o ABSOLUTE
    ../clib/heapalloc.c                      0x00000000   Number         0  free.o ABSOLUTE
    ../clib/heapalloc.c                      0x00000000   Number         0  init_alloc.o ABSOLUTE
    ../clib/heapalloc.c                      0x00000000   Number         0  heapstubs.o ABSOLUTE
    ../clib/heapalloc.c                      0x00000000   Number         0  term_alloc.o ABSOLUTE
    ../clib/heapalloc.c                      0x00000000   Number         0  malloc.o ABSOLUTE
    ../clib/heapaux.c                        0x00000000   Number         0  heapauxi.o ABSOLUTE
    ../clib/heapaux.c                        0x00000000   Number         0  heapauxa.o ABSOLUTE
    ../clib/libinit.s                        0x00000000   Number         0  libshutdown.o ABSOLUTE
    ../clib/libinit.s                        0x00000000   Number         0  libshutdown2.o ABSOLUTE
    ../clib/libinit.s                        0x00000000   Number         0  libinit.o ABSOLUTE
    ../clib/libinit.s                        0x00000000   Number         0  libinit2.o ABSOLUTE
    ../clib/memcpset.s                       0x00000000   Number         0  rt_memcpy_w.o ABSOLUTE
    ../clib/memcpset.s                       0x00000000   Number         0  rt_memclr.o ABSOLUTE
    ../clib/memcpset.s                       0x00000000   Number         0  rt_memclr_w.o ABSOLUTE
    ../clib/memcpset.s                       0x00000000   Number         0  rt_memcpy.o ABSOLUTE
    ../clib/signal.c                         0x00000000   Number         0  defsig_abrt_inner.o ABSOLUTE
    ../clib/signal.c                         0x00000000   Number         0  __raise.o ABSOLUTE
    ../clib/signal.c                         0x00000000   Number         0  defsig_segv_inner.o ABSOLUTE
    ../clib/signal.c                         0x00000000   Number         0  defsig_pvfn_inner.o ABSOLUTE
    ../clib/signal.c                         0x00000000   Number         0  defsig_exit.o ABSOLUTE
    ../clib/signal.c                         0x00000000   Number         0  defsig_stak_inner.o ABSOLUTE
    ../clib/signal.c                         0x00000000   Number         0  defsig_other.o ABSOLUTE
    ../clib/signal.c                         0x00000000   Number         0  defsig_fpe_formal.o ABSOLUTE
    ../clib/signal.c                         0x00000000   Number         0  defsig_rtred_inner.o ABSOLUTE
    ../clib/signal.c                         0x00000000   Number         0  defsig_cppl_inner.o ABSOLUTE
    ../clib/signal.c                         0x00000000   Number         0  defsig_rtmem_inner.o ABSOLUTE
    ../clib/signal.c                         0x00000000   Number         0  defsig_general.o ABSOLUTE
    ../clib/signal.c                         0x00000000   Number         0  defsig_fpe_inner.o ABSOLUTE
    ../clib/signal.c                         0x00000000   Number         0  defsig_fpe_outer.o ABSOLUTE
    ../clib/signal.c                         0x00000000   Number         0  defsig_rtmem_outer.o ABSOLUTE
    ../clib/signal.c                         0x00000000   Number         0  defsig_rtmem_formal.o ABSOLUTE
    ../clib/signal.s                         0x00000000   Number         0  defsig.o ABSOLUTE
    ../clib/stdlib.c                         0x00000000   Number         0  exit.o ABSOLUTE
    ../clib/string.c                         0x00000000   Number         0  memcmp.o ABSOLUTE
    ../clib/string.c                         0x00000000   Number         0  strlen.o ABSOLUTE
    ../clib/unhosted.s                       0x00000000   Number         0  uwrite4.o ABSOLUTE
    ../clib/unhosted.s                       0x00000000   Number         0  uread4.o ABSOLUTE
    ../fplib/fcheck1.s                       0x00000000   Number         0  fcheck1.o ABSOLUTE
    ../fplib/fdiv.s                          0x00000000   Number         0  fdiv.o ABSOLUTE
    ../fplib/ffixu.s                         0x00000000   Number         0  ffixu.o ABSOLUTE
    ../fplib/fflt.s                          0x00000000   Number         0  fflt_clz.o ABSOLUTE
    ../fplib/fnaninf.s                       0x00000000   Number         0  fnaninf.o ABSOLUTE
    ../fplib/fpinit.s                        0x00000000   Number         0  fpinit.o ABSOLUTE
    ../fplib/fretinf.s                       0x00000000   Number         0  fretinf.o ABSOLUTE
    ../fplib/retnan.s                        0x00000000   Number         0  retnan.o ABSOLUTE
    ../fplib/scalbnf.s                       0x00000000   Number         0  scalbnf.o ABSOLUTE
    ../fplib/trapv.s                         0x00000000   Number         0  trapv.o ABSOLUTE
    ../fplib/usenofp.s                       0x00000000   Number         0  usenofp.o ABSOLUTE
    ..\..\N9H20_VPOST.C                      0x00000000   Number         0  n9h20_vpost.o ABSOLUTE
    ..\..\N9H20_VPOST_Driver.c               0x00000000   Number         0  n9h20_vpost_driver.o ABSOLUTE
    ..\..\N9H20_VPOST_FW043TFT_480x272.c     0x00000000   Number         0  n9h20_vpost_fw043tft_480x272.o ABSOLUTE
    ..\..\USBD\usbd.c                        0x00000000   Number         0  usbd.o ABSOLUTE
    ..\HID.c                                 0x00000000   Number         0  hid.o ABSOLUTE
    ..\\wb_cache.c                           0x00000000   Number         0  wb_cache.o ABSOLUTE
    ..\\wb_mmu.c                             0x00000000   Number         0  wb_mmu.o ABSOLUTE
    ..\jpegDec.c                             0x00000000   Number         0  jpegdec.o ABSOLUTE
    ..\jpegcodec.c                           0x00000000   Number         0  jpegcodec.o ABSOLUTE
    ..\main.c                                0x00000000   Number         0  main.o ABSOLUTE
    ..\standalone.c                          0x00000000   Number         0  standalone.o ABSOLUTE
    ..\wb_aic.c                              0x00000000   Number         0  wb_aic.o ABSOLUTE
    ..\wb_cache.c                            0x00000000   Number         0  wb_cache.o ABSOLUTE
    ..\wb_config.c                           0x00000000   Number         0  wb_config.o ABSOLUTE
    ..\wb_init.s                             0x00000000   Number         0  wb_init.o ABSOLUTE
    ..\wb_mmu.c                              0x00000000   Number         0  wb_mmu.o ABSOLUTE
    ..\wb_power.c                            0x00000000   Number         0  wb_power.o ABSOLUTE
    ..\wb_timer.c                            0x00000000   Number         0  wb_timer.o ABSOLUTE
    ..\wb_uart.c                             0x00000000   Number         0  wb_uart.o ABSOLUTE
    dc.s                                     0x00000000   Number         0  dc.o ABSOLUTE
    Undefined_Handler                        0x00000040   ARM Code       0  wb_init.o(WB_INIT)
    SWI_Handler1                             0x00000044   ARM Code       0  wb_init.o(WB_INIT)
    Prefetch_Handler                         0x00000048   ARM Code       0  wb_init.o(WB_INIT)
    Abort_Handler                            0x0000004c   ARM Code       0  wb_init.o(WB_INIT)
    IRQ_Handler                              0x00000050   ARM Code       0  wb_init.o(WB_INIT)
    FIQ_Handler                              0x00000054   ARM Code       0  wb_init.o(WB_INIT)
    !!!main                                  0x000000ac   Section        8  __main.o(!!!main)
    !!!scatter                               0x000000b4   Section       60  __scatter.o(!!!scatter)
    !!dczerorl2                              0x000000f0   Section       92  __dczerorl2.o(!!dczerorl2)
    _decompress_loop                         0x000000fb   Thumb Code     0  __dczerorl2.o(!!dczerorl2)
    _decompress_zerolen                      0x00000109   Thumb Code     0  __dczerorl2.o(!!dczerorl2)
    _decompress_litn                         0x00000111   Thumb Code     0  __dczerorl2.o(!!dczerorl2)
    _decompress_lit                          0x00000115   Thumb Code     0  __dczerorl2.o(!!dczerorl2)
    _decompress_copyorzero                   0x00000121   Thumb Code     0  __dczerorl2.o(!!dczerorl2)
    _decompress_zero                         0x00000129   Thumb Code     0  __dczerorl2.o(!!dczerorl2)
    _decompress_copyn                        0x00000133   Thumb Code     0  __dczerorl2.o(!!dczerorl2)
    _decompress_copy                         0x0000013b   Thumb Code     0  __dczerorl2.o(!!dczerorl2)
    _decompress_end                          0x00000147   Thumb Code     0  __dczerorl2.o(!!dczerorl2)
    !!handler_copy                           0x0000014c   Section       40  __scatter_copy.o(!!handler_copy)
    !!handler_zi                             0x00000174   Section       44  __scatter_zi.o(!!handler_zi)
    .ARM.Collect$$libinit$$00000000          0x000001a0   Section        2  libinit.o(.ARM.Collect$$libinit$$00000000)
    .ARM.Collect$$libinit$$00000002          0x000001a2   Section        0  libinit2.o(.ARM.Collect$$libinit$$00000002)
    .ARM.Collect$$libinit$$00000003          0x000001a2   Section        8  libinit2.o(.ARM.Collect$$libinit$$00000003)
    .ARM.Collect$$libinit$$00000008          0x000001aa   Section        0  libinit2.o(.ARM.Collect$$libinit$$00000008)
    .ARM.Collect$$libinit$$0000000A          0x000001aa   Section        0  libinit2.o(.ARM.Collect$$libinit$$0000000A)
    .ARM.Collect$$libinit$$0000000C          0x000001aa   Section        0  libinit2.o(.ARM.Collect$$libinit$$0000000C)
    .ARM.Collect$$libinit$$0000000F          0x000001aa   Section        0  libinit2.o(.ARM.Collect$$libinit$$0000000F)
    .ARM.Collect$$libinit$$00000011          0x000001aa   Section        0  libinit2.o(.ARM.Collect$$libinit$$00000011)
    .ARM.Collect$$libinit$$00000013          0x000001aa   Section        0  libinit2.o(.ARM.Collect$$libinit$$00000013)
    .ARM.Collect$$libinit$$00000015          0x000001aa   Section        0  libinit2.o(.ARM.Collect$$libinit$$00000015)
    .ARM.Collect$$libinit$$00000017          0x000001aa   Section        0  libinit2.o(.ARM.Collect$$libinit$$00000017)
    .ARM.Collect$$libinit$$00000019          0x000001aa   Section        0  libinit2.o(.ARM.Collect$$libinit$$00000019)
    .ARM.Collect$$libinit$$0000001B          0x000001aa   Section        0  libinit2.o(.ARM.Collect$$libinit$$0000001B)
    .ARM.Collect$$libinit$$0000001D          0x000001aa   Section        0  libinit2.o(.ARM.Collect$$libinit$$0000001D)
    .ARM.Collect$$libinit$$0000001F          0x000001aa   Section        0  libinit2.o(.ARM.Collect$$libinit$$0000001F)
    .ARM.Collect$$libinit$$00000021          0x000001aa   Section        0  libinit2.o(.ARM.Collect$$libinit$$00000021)
    .ARM.Collect$$libinit$$00000023          0x000001aa   Section        0  libinit2.o(.ARM.Collect$$libinit$$00000023)
    .ARM.Collect$$libinit$$0000002A          0x000001aa   Section        0  libinit2.o(.ARM.Collect$$libinit$$0000002A)
    .ARM.Collect$$libinit$$0000002C          0x000001aa   Section        0  libinit2.o(.ARM.Collect$$libinit$$0000002C)
    .ARM.Collect$$libinit$$0000002E          0x000001aa   Section        0  libinit2.o(.ARM.Collect$$libinit$$0000002E)
    .ARM.Collect$$libinit$$00000030          0x000001aa   Section        0  libinit2.o(.ARM.Collect$$libinit$$00000030)
    .ARM.Collect$$libinit$$00000031          0x000001aa   Section        2  libinit2.o(.ARM.Collect$$libinit$$00000031)
    .ARM.Collect$$libshutdown$$00000000      0x000001ac   Section        2  libshutdown.o(.ARM.Collect$$libshutdown$$00000000)
    .ARM.Collect$$libshutdown$$00000003      0x000001ae   Section        0  libshutdown2.o(.ARM.Collect$$libshutdown$$00000003)
    .ARM.Collect$$libshutdown$$00000006      0x000001ae   Section        0  libshutdown2.o(.ARM.Collect$$libshutdown$$00000006)
    .ARM.Collect$$libshutdown$$00000009      0x000001ae   Section        0  libshutdown2.o(.ARM.Collect$$libshutdown$$00000009)
    .ARM.Collect$$libshutdown$$0000000B      0x000001ae   Section        0  libshutdown2.o(.ARM.Collect$$libshutdown$$0000000B)
    .ARM.Collect$$libshutdown$$0000000E      0x000001ae   Section        0  libshutdown2.o(.ARM.Collect$$libshutdown$$0000000E)
    .ARM.Collect$$libshutdown$$0000000F      0x000001ae   Section        2  libshutdown2.o(.ARM.Collect$$libshutdown$$0000000F)
    .ARM.Collect$$rtentry$$00000000          0x000001b0   Section        0  rtentry.o(.ARM.Collect$$rtentry$$00000000)
    .ARM.Collect$$rtentry$$00000002          0x000001b0   Section        0  rtentry2.o(.ARM.Collect$$rtentry$$00000002)
    .ARM.Collect$$rtentry$$00000004          0x000001b0   Section        8  rtentry4.o(.ARM.Collect$$rtentry$$00000004)
    .ARM.Collect$$rtentry$$00000009          0x000001b8   Section        0  rtentry2.o(.ARM.Collect$$rtentry$$00000009)
    .ARM.Collect$$rtentry$$0000000A          0x000001b8   Section        4  rtentry2.o(.ARM.Collect$$rtentry$$0000000A)
    .ARM.Collect$$rtentry$$0000000C          0x000001bc   Section        0  rtentry2.o(.ARM.Collect$$rtentry$$0000000C)
    .ARM.Collect$$rtentry$$0000000D          0x000001bc   Section       40  rtentry2.o(.ARM.Collect$$rtentry$$0000000D)
    .ARM.Collect$$rtexit$$00000000           0x000001e4   Section        4  rtexit.o(.ARM.Collect$$rtexit$$00000000)
    .ARM.Collect$$rtexit$$00000002           0x000001e8   Section        0  rtexit2.o(.ARM.Collect$$rtexit$$00000002)
    .ARM.Collect$$rtexit$$00000003           0x000001e8   Section        4  rtexit2.o(.ARM.Collect$$rtexit$$00000003)
    .ARM.Collect$$rtexit$$00000004           0x000001ec   Section        8  rtexit2.o(.ARM.Collect$$rtexit$$00000004)
    .emb_text                                0x000001f4   Section       12  wb_cache.o(.emb_text)
    .emb_text                                0x00000200   Section       36  wb_mmu.o(.emb_text)
    .emb_text                                0x00000224   Section        0  maybetermalloc1.o(.emb_text)
    .text                                    0x00000224   Section        0  standalone.o(.text)
    .text                                    0x00000264   Section        0  main.o(.text)
    .text                                    0x00000420   Section        0  jpegdec.o(.text)
    .text                                    0x000005d0   Section        0  hid.o(.text)
    .text                                    0x00001608   Section        0  n9h20_vpost.o(.text)
    .text                                    0x000016a4   Section        0  jpegcodec.o(.text)
    .text                                    0x00002960   Section        0  usbd.o(.text)
    .text                                    0x0000593c   Section        0  wb_cache.o(.text)
    .text                                    0x00005bfc   Section        0  wb_config.o(.text)
    .text                                    0x000075b4   Section        0  wb_timer.o(.text)
    .text                                    0x000083ec   Section        0  wb_uart.o(.text)
    sysUartISR                               0x00008500   ARM Code     828  wb_uart.o(.text)
    sysSetBaudRate                           0x0000883c   ARM Code      56  wb_uart.o(.text)
    sysPutRepChar                            0x00008c98   ARM Code      40  wb_uart.o(.text)
    sysPutStringReverse                      0x00008cc0   ARM Code      40  wb_uart.o(.text)
    sysPutNumber                             0x00008ce8   ARM Code     412  wb_uart.o(.text)
    FormatItem                               0x00008e84   ARM Code     540  wb_uart.o(.text)
    UartTransferInt                          0x000094d4   ARM Code     240  wb_uart.o(.text)
    UartPort                                 0x000095c4   ARM Code      20  wb_uart.o(.text)
    UartInstallcallback                      0x000095d8   ARM Code      28  wb_uart.o(.text)
    UartInitialize                           0x000095f4   ARM Code      28  wb_uart.o(.text)
    UartEnableInt                            0x00009610   ARM Code      20  wb_uart.o(.text)
    UartTransfer                             0x00009624   ARM Code      28  wb_uart.o(.text)
    UartPutChar                              0x00009640   ARM Code      20  wb_uart.o(.text)
    UartGetChar                              0x00009654   ARM Code      20  wb_uart.o(.text)
    .text                                    0x0000969c   Section        0  n9h20_vpost_fw043tft_480x272.o(.text)
    GetPLLOutputKhz                          0x0000969c   ARM Code     128  n9h20_vpost_fw043tft_480x272.o(.text)
    BacklightControl                         0x0000971c   ARM Code     116  n9h20_vpost_fw043tft_480x272.o(.text)
    .text                                    0x000099a0   Section        0  wb_aic.o(.text)
    .text                                    0x0000a078   Section        0  wb_mmu.o(.text)
    .text                                    0x0000a138   Section        0  n9h20_vpost_driver.o(.text)
    shift_pointer                            0x0000a230   ARM Code      72  n9h20_vpost_driver.o(.text)
    vpostISR                                 0x0000af4c   ARM Code     288  n9h20_vpost_driver.o(.text)
    .text                                    0x0000b384   Section        0  h1_alloc.o(.text)
    .text                                    0x0000b3e6   Section        0  h1_free.o(.text)
    .text                                    0x0000b434   Section        0  strlen.o(.text)
    .text                                    0x0000b478   Section      212  rt_memcpy.o(.text)
    .text                                    0x0000b54c   Section      100  rt_memcpy_w.o(.text)
    .text                                    0x0000b5b0   Section       64  rt_memclr.o(.text)
    .text                                    0x0000b5f0   Section       84  rt_memclr_w.o(.text)
    .text                                    0x0000b644   Section       32  uread4.o(.text)
    .text                                    0x0000b664   Section       32  uwrite4.o(.text)
    .text                                    0x0000b684   Section      380  aeabi_sdiv.o(.text)
    __arm_div8                               0x0000b6b0   ARM Code       0  aeabi_sdiv.o(.text)
    __arm_div5                               0x0000b6d4   ARM Code       0  aeabi_sdiv.o(.text)
    __arm_div2                               0x0000b6f8   ARM Code       0  aeabi_sdiv.o(.text)
    __arm_div_large                          0x0000b734   ARM Code       0  aeabi_sdiv.o(.text)
    .text                                    0x0000b800   Section       12  rt_heap_descriptor_intlibspace.o(.text)
    .text                                    0x0000b80c   Section        0  hguard.o(.text)
    .text                                    0x0000b810   Section        0  init_alloc.o(.text)
    .text                                    0x0000b898   Section        0  h1_init.o(.text)
    .text                                    0x0000b8a8   Section       12  libspace.o(.text)
    .text                                    0x0000b8b4   Section        0  h1_extend.o(.text)
    .text                                    0x0000b8e8   Section        0  defsig_rtmem_outer.o(.text)
    .text                                    0x0000b8f4   Section        0  heapauxa.o(.text)
    .text                                    0x0000b944   Section       96  sys_stackheap_outer.o(.text)
    .text                                    0x0000b9a4   Section        0  exit.o(.text)
    .text                                    0x0000b9b0   Section        0  defsig_exit.o(.text)
    .text                                    0x0000b9bc   Section        0  defsig_rtmem_inner.o(.text)
    .text                                    0x0000ba0c   Section        0  defsig_general.o(.text)
    .text_udiv                               0x0000ba40   Section       36  aeabi_sdiv.o(.text_udiv)
    x$fpl$fcheck1                            0x0000ba64   Section       12  fcheck1.o(x$fpl$fcheck1)
    x$fpl$fdiv                               0x0000ba70   Section      400  fdiv.o(x$fpl$fdiv)
    _fdiv1                                   0x0000ba70   ARM Code       0  fdiv.o(x$fpl$fdiv)
    x$fpl$ffixu                              0x0000bc00   Section       84  ffixu.o(x$fpl$ffixu)
    x$fpl$fflt                               0x0000bc54   Section       48  fflt_clz.o(x$fpl$fflt)
    x$fpl$ffltu                              0x0000bc84   Section       40  fflt_clz.o(x$fpl$ffltu)
    x$fpl$fnaninf                            0x0000bcac   Section      160  fnaninf.o(x$fpl$fnaninf)
    x$fpl$fretinf                            0x0000bd4c   Section       16  fretinf.o(x$fpl$fretinf)
    x$fpl$retnan                             0x0000bd5c   Section      116  retnan.o(x$fpl$retnan)
    x$fpl$scalbnf                            0x0000bdd0   Section       92  scalbnf.o(x$fpl$scalbnf)
    x$fpl$trapveneer                         0x0000be2c   Section       60  trapv.o(x$fpl$trapveneer)
    .constdata                               0x0000be68   Section       16  wb_config.o(.constdata)
    x$fpl$usenofp                            0x0000be68   Section        0  usenofp.o(x$fpl$usenofp)
    .constdata                               0x0000be78   Section       20  n9h20_vpost_fw043tft_480x272.o(.constdata)
    .data                                    0x0000bebc   Section      296  hid.o(.data)
    g_u32BytesInJPEGBuf                      0x0000bec8   Data           4  hid.o(.data)
    HID_ConfigurationBlock                   0x0000bf28   Data          41  hid.o(.data)
    HID_ConfigurationBlock_FS                0x0000bf54   Data          41  hid.o(.data)
    HID_StringDescriptor0                    0x0000bf80   Data           4  hid.o(.data)
    .data                                    0x0000bfe4   Section        8  n9h20_vpost.o(.data)
    .data                                    0x0000bfec   Section      188  jpegcodec.o(.data)
    .data                                    0x0000c0a8   Section       36  usbd.o(.data)
    .data                                    0x0000c0cc   Section        8  wb_cache.o(.data)
    .data                                    0x0000c0d4   Section       60  wb_config.o(.data)
    g_u32UpllKHz                             0x0000c0d4   Data           4  wb_config.o(.data)
    g_u32ApllKHz                             0x0000c0d8   Data           4  wb_config.o(.data)
    g_u32SysKHz                              0x0000c0dc   Data           4  wb_config.o(.data)
    g_u32CpuKHz                              0x0000c0e0   Data           4  wb_config.o(.data)
    g_u32HclkKHz                             0x0000c0e4   Data           4  wb_config.o(.data)
    g_u32ExtClk                              0x0000c0ec   Data           4  wb_config.o(.data)
    g_u32SysClkSrc                           0x0000c0f4   Data           4  wb_config.o(.data)
    g_u32ApbKHz                              0x0000c0f8   Data           4  wb_config.o(.data)
    g_u32REG_APLL                            0x0000c0fc   Data           4  wb_config.o(.data)
    g_u32REG_UPLL                            0x0000c100   Data           4  wb_config.o(.data)
    g_u32SysDiv                              0x0000c104   Data           4  wb_config.o(.data)
    g_u32CpuDiv                              0x0000c108   Data           4  wb_config.o(.data)
    g_u32ApbDiv                              0x0000c10c   Data           4  wb_config.o(.data)
    .data                                    0x0000c110   Section      104  wb_timer.o(.data)
    month_seconds                            0x0000c134   Data          48  wb_timer.o(.data)
    .data                                    0x0000c178   Section       72  wb_uart.o(.data)
    _sys_bIsUARTInitial                      0x0000c178   Data           1  wb_uart.o(.data)
    _sys_bIsUseUARTInt                       0x0000c179   Data           1  wb_uart.o(.data)
    _sys_uUARTClockRate                      0x0000c17c   Data           4  wb_uart.o(.data)
    rx_cnt                                   0x0000c180   Data           4  wb_uart.o(.data)
    u32UartPort                              0x0000c184   Data           4  wb_uart.o(.data)
    i32UsedPort                              0x0000c188   Data           4  wb_uart.o(.data)
    u32DbgMessage                            0x0000c18c   Data           4  wb_uart.o(.data)
    bIsResetFIFO                             0x0000c1b4   Data           1  wb_uart.o(.data)
    _sys_uUartTxHead                         0x0000c1b8   Data           4  wb_uart.o(.data)
    _sys_uUartTxTail                         0x0000c1bc   Data           4  wb_uart.o(.data)
    .data                                    0x0000c1c0   Section      260  wb_aic.o(.data)
    .data                                    0x0000c2c4   Section        1  wb_mmu.o(.data)
    _IsInitMMUTable                          0x0000c2c4   Data           1  wb_mmu.o(.data)
    .data                                    0x0000c2c8   Section        4  n9h20_vpost_driver.o(.data)
    .data                                    0x0000c2cc   Section        4  heapauxa.o(.data)
    __rt_heap_escrow_base                    0x0000c2cc   Data           4  heapauxa.o(.data)
    .bss                                     0x0000c2e0   Section    261140  main.o(.bss)
    .bss                                     0x0004bf00   Section    1060148  hid.o(.bss)
    gu8PageBuff                              0x0004e610   Data         512  hid.o(.bss)
    gu8JPEGBuff                              0x0004e810   Data       1048576  hid.o(.bss)
    gTemp                                    0x0014ea34   Data         512  hid.o(.bss)
    .bss                                     0x0014ec34   Section       36  jpegcodec.o(.bss)
    jpegInfo                                 0x0014ec34   Data          36  jpegcodec.o(.bss)
    .bss                                     0x0014ec58   Section      380  usbd.o(.bss)
    .bss                                     0x0014edd4   Section      320  wb_timer.o(.bss)
    .bss                                     0x0014ef14   Section      380  wb_uart.o(.bss)
    uart_rx                                  0x0014ef2c   Data         100  wb_uart.o(.bss)
    _sys_ucUartTxBuf                         0x0014ef90   Data         256  wb_uart.o(.bss)
    .bss                                     0x00150000   Section    16384  wb_mmu.o(.bss)
    .bss                                     0x00154000   Section     8192  wb_power.o(.bss)
    .bss                                     0x00156000   Section       16  n9h20_vpost_driver.o(.bss)
    .bss                                     0x00156010   Section       96  libspace.o(.bss)

    Global Symbols

    Symbol Name                              Value     Ov Type        Size  Object(Section)

    BuildAttributes$$THM_ISAv2$ARM_ISAv5$E$P$J$S$PE$A:L22$X:L11$S22$IEEE1$IW$USESV6$~STKCKD$USESV7$~SHL$OTIME$ROPI$EBA8$UX$STANDARDLIB$REQ8$EABIv2 0x00000000   Number         0  anon$$obj.o ABSOLUTE
    Vector_Table                             0x00000000   ARM Code       0  wb_init.o(WB_INIT)
    __ARM_use_no_argv                        0x00000000   Number         0  main.o ABSOLUTE
    __ARM_exceptions_init                     - Undefined Weak Reference
    __alloca_initialize                       - Undefined Weak Reference
    __cpp_initialize__aeabi_                  - Undefined Weak Reference
    __cxa_finalize                            - Undefined Weak Reference
    __rt_locale                               - Undefined Weak Reference
    __sigvec_lookup                           - Undefined Weak Reference
    __user_heap_extent                        - Undefined Weak Reference
    _atexit_init                              - Undefined Weak Reference
    _call_atexit_fns                          - Undefined Weak Reference
    _clock_init                               - Undefined Weak Reference
    _fp_trap_init                             - Undefined Weak Reference
    _fp_trap_shutdown                         - Undefined Weak Reference
    _get_lc_collate                           - Undefined Weak Reference
    _get_lc_ctype                             - Undefined Weak Reference
    _get_lc_monetary                          - Undefined Weak Reference
    _get_lc_numeric                           - Undefined Weak Reference
    _get_lc_time                              - Undefined Weak Reference
    _getenv_init                              - Undefined Weak Reference
    _handle_redirection                       - Undefined Weak Reference
    _initio                                   - Undefined Weak Reference
    _mutex_acquire                            - Undefined Weak Reference
    _mutex_free                               - Undefined Weak Reference
    _mutex_release                            - Undefined Weak Reference
    _rand_init                                - Undefined Weak Reference
    _signal_finish                            - Undefined Weak Reference
    _signal_init                              - Undefined Weak Reference
    _terminateio                              - Undefined Weak Reference
    Reset_Go                                 0x00000058   ARM Code       0  wb_init.o(WB_INIT)
    __main                                   0x000000ac   ARM Code       8  __main.o(!!!main)
    __scatterload                            0x000000b4   ARM Code       0  __scatter.o(!!!scatter)
    __scatterload_rt2                        0x000000b4   ARM Code      52  __scatter.o(!!!scatter)
    __scatterload_null                       0x000000c8   ARM Code       0  __scatter.o(!!!scatter)
    __decompress                             0x000000f0   ARM Code      92  __dczerorl2.o(!!dczerorl2)
    __decompress1                            0x000000f0   ARM Code       0  __dczerorl2.o(!!dczerorl2)
    __scatterload_copy                       0x0000014c   ARM Code      40  __scatter_copy.o(!!handler_copy)
    __scatterload_zeroinit                   0x00000174   ARM Code      44  __scatter_zi.o(!!handler_zi)
    __rt_lib_init                            0x000001a1   Thumb Code     0  libinit.o(.ARM.Collect$$libinit$$00000000)
    __rt_lib_init_fp_1                       0x000001a3   Thumb Code     0  libinit2.o(.ARM.Collect$$libinit$$00000002)
    __rt_lib_init_heap_2                     0x000001a3   Thumb Code     0  libinit2.o(.ARM.Collect$$libinit$$00000003)
    __rt_lib_init_alloca_1                   0x000001ab   Thumb Code     0  libinit2.o(.ARM.Collect$$libinit$$0000002C)
    __rt_lib_init_argv_1                     0x000001ab   Thumb Code     0  libinit2.o(.ARM.Collect$$libinit$$0000002A)
    __rt_lib_init_atexit_1                   0x000001ab   Thumb Code     0  libinit2.o(.ARM.Collect$$libinit$$00000019)
    __rt_lib_init_clock_1                    0x000001ab   Thumb Code     0  libinit2.o(.ARM.Collect$$libinit$$0000001F)
    __rt_lib_init_cpp_1                      0x000001ab   Thumb Code     0  libinit2.o(.ARM.Collect$$libinit$$00000030)
    __rt_lib_init_exceptions_1               0x000001ab   Thumb Code     0  libinit2.o(.ARM.Collect$$libinit$$0000002E)
    __rt_lib_init_fp_trap_1                  0x000001ab   Thumb Code     0  libinit2.o(.ARM.Collect$$libinit$$0000001D)
    __rt_lib_init_getenv_1                   0x000001ab   Thumb Code     0  libinit2.o(.ARM.Collect$$libinit$$00000021)
    __rt_lib_init_heap_1                     0x000001ab   Thumb Code     0  libinit2.o(.ARM.Collect$$libinit$$00000008)
    __rt_lib_init_lc_collate_1               0x000001ab   Thumb Code     0  libinit2.o(.ARM.Collect$$libinit$$0000000F)
    __rt_lib_init_lc_ctype_1                 0x000001ab   Thumb Code     0  libinit2.o(.ARM.Collect$$libinit$$00000011)
    __rt_lib_init_lc_monetary_1              0x000001ab   Thumb Code     0  libinit2.o(.ARM.Collect$$libinit$$00000013)
    __rt_lib_init_lc_numeric_1               0x000001ab   Thumb Code     0  libinit2.o(.ARM.Collect$$libinit$$00000015)
    __rt_lib_init_lc_time_1                  0x000001ab   Thumb Code     0  libinit2.o(.ARM.Collect$$libinit$$00000017)
    __rt_lib_init_rand_1                     0x000001ab   Thumb Code     0  libinit2.o(.ARM.Collect$$libinit$$0000000C)
    __rt_lib_init_return                     0x000001ab   Thumb Code     0  libinit2.o(.ARM.Collect$$libinit$$00000031)
    __rt_lib_init_signal_1                   0x000001ab   Thumb Code     0  libinit2.o(.ARM.Collect$$libinit$$0000001B)
    __rt_lib_init_stdio_1                    0x000001ab   Thumb Code     0  libinit2.o(.ARM.Collect$$libinit$$00000023)
    __rt_lib_init_user_alloc_1               0x000001ab   Thumb Code     0  libinit2.o(.ARM.Collect$$libinit$$0000000A)
    __rt_lib_shutdown                        0x000001ad   Thumb Code     0  libshutdown.o(.ARM.Collect$$libshutdown$$00000000)
    __rt_lib_shutdown_fp_trap_1              0x000001af   Thumb Code     0  libshutdown2.o(.ARM.Collect$$libshutdown$$00000006)
    __rt_lib_shutdown_heap_1                 0x000001af   Thumb Code     0  libshutdown2.o(.ARM.Collect$$libshutdown$$0000000E)
    __rt_lib_shutdown_return                 0x000001af   Thumb Code     0  libshutdown2.o(.ARM.Collect$$libshutdown$$0000000F)
    __rt_lib_shutdown_signal_1               0x000001af   Thumb Code     0  libshutdown2.o(.ARM.Collect$$libshutdown$$00000009)
    __rt_lib_shutdown_stdio_1                0x000001af   Thumb Code     0  libshutdown2.o(.ARM.Collect$$libshutdown$$00000003)
    __rt_lib_shutdown_user_alloc_1           0x000001af   Thumb Code     0  libshutdown2.o(.ARM.Collect$$libshutdown$$0000000B)
    __rt_entry                               0x000001b0   ARM Code       0  rtentry.o(.ARM.Collect$$rtentry$$00000000)
    __rt_entry_presh_1                       0x000001b0   ARM Code       0  rtentry2.o(.ARM.Collect$$rtentry$$00000002)
    __rt_entry_sh                            0x000001b0   ARM Code       0  rtentry4.o(.ARM.Collect$$rtentry$$00000004)
    __rt_entry_li                            0x000001b8   ARM Code       0  rtentry2.o(.ARM.Collect$$rtentry$$0000000A)
    __rt_entry_postsh_1                      0x000001b8   ARM Code       0  rtentry2.o(.ARM.Collect$$rtentry$$00000009)
    __rt_entry_main                          0x000001bc   ARM Code       0  rtentry2.o(.ARM.Collect$$rtentry$$0000000D)
    __rt_entry_postli_1                      0x000001bc   ARM Code       0  rtentry2.o(.ARM.Collect$$rtentry$$0000000C)
    __rt_exit                                0x000001e4   ARM Code       0  rtexit.o(.ARM.Collect$$rtexit$$00000000)
    __rt_exit_ls                             0x000001e8   ARM Code       0  rtexit2.o(.ARM.Collect$$rtexit$$00000003)
    __rt_exit_prels_1                        0x000001e8   ARM Code       0  rtexit2.o(.ARM.Collect$$rtexit$$00000002)
    __rt_exit_exit                           0x000001ec   ARM Code       0  rtexit2.o(.ARM.Collect$$rtexit$$00000004)
    sys_flush_and_clean_dcache               0x000001f4   ARM Code      12  wb_cache.o(.emb_text)
    sysSetupCP15                             0x00000200   ARM Code      36  wb_mmu.o(.emb_text)
    _maybe_terminate_alloc                   0x00000225   Thumb Code     0  maybetermalloc1.o(.emb_text)
    _sys_exit                                0x00000224   ARM Code       8  standalone.o(.text)
    _ttywrch                                 0x0000022c   ARM Code       8  standalone.o(.text)
    __user_initial_stackheap                 0x00000234   ARM Code      44  standalone.o(.text)
    delay                                    0x00000264   ARM Code      56  main.o(.text)
    main                                     0x0000029c   ARM Code     332  main.o(.text)
    JpegDecHeaderComplete                    0x00000420   ARM Code     336  jpegdec.o(.text)
    JpegDec                                  0x00000570   ARM Code      88  jpegdec.o(.text)
    hidHighSpeedInit                         0x000005d0   ARM Code     212  hid.o(.text)
    hidFullSpeedInit                         0x000006a4   ARM Code     204  hid.o(.text)
    hidClassOUT                              0x00000770   ARM Code      68  hid.o(.text)
    GetInfo                                  0x000007b4   ARM Code      76  hid.o(.text)
    SetInfo                                  0x00000800   ARM Code      80  hid.o(.text)
    HID_CmdReadImage                         0x00000850   ARM Code     424  hid.o(.text)
    HID_CmdGetStatus                         0x000009f8   ARM Code     180  hid.o(.text)
    HID_CmdGetVersion                        0x00000aac   ARM Code     180  hid.o(.text)
    HID_CmdGetParameter                      0x00000b60   ARM Code     208  hid.o(.text)
    HID_CmdImageWrite                        0x00000c30   ARM Code      60  hid.o(.text)
    HID_CmdTest                              0x00000c6c   ARM Code     124  hid.o(.text)
    CalCheckSum                              0x00000ce8   ARM Code      52  hid.o(.text)
    ProcessCommand                           0x00000d1c   ARM Code     660  hid.o(.text)
    HID_GetOutReport                         0x00000fb0   ARM Code     612  hid.o(.text)
    HID_SetInReport                          0x00001214   ARM Code     316  hid.o(.text)
    EPA_Handler                              0x00001350   ARM Code      20  hid.o(.text)
    EPB_Handler                              0x00001364   ARM Code      20  hid.o(.text)
    Reset_Handler                            0x00001378   ARM Code       4  hid.o(.text)
    hidInit                                  0x0000137c   ARM Code     632  hid.o(.text)
    HIDStart                                 0x000015f4   ARM Code      20  hid.o(.text)
    vpostLCMInit                             0x00001608   ARM Code      28  n9h20_vpost.o(.text)
    vpostLCMDeinit                           0x00001624   ARM Code      12  n9h20_vpost.o(.text)
    vpostGetFrameBuffer                      0x00001630   ARM Code      12  n9h20_vpost.o(.text)
    vpostSetFrameBuffer                      0x0000163c   ARM Code      36  n9h20_vpost.o(.text)
    LCDDelay                                 0x00001660   ARM Code      60  n9h20_vpost.o(.text)
    jpegInit                                 0x000016a4   ARM Code     136  jpegcodec.o(.text)
    jpegGetDimension                         0x0000172c   ARM Code      32  jpegcodec.o(.text)
    jpegSetDimension                         0x0000174c   ARM Code      24  jpegcodec.o(.text)
    jpegSetScalingFactor                     0x00001764   ARM Code     216  jpegcodec.o(.text)
    jpegCalScalingFactor                     0x0000183c   ARM Code     440  jpegcodec.o(.text)
    jpegGetDecodedDimension                  0x000019f4   ARM Code      28  jpegcodec.o(.text)
    jpegISR                                  0x00001a10   ARM Code    1068  jpegcodec.o(.text)
    jpegWait                                 0x00001e3c   ARM Code      36  jpegcodec.o(.text)
    jpegIsReady                              0x00001e60   ARM Code      24  jpegcodec.o(.text)
    jpegGetInfo                              0x00001e78   ARM Code      12  jpegcodec.o(.text)
    jpegPower                                0x00001e84   ARM Code      36  jpegcodec.o(.text)
    jpegOpen                                 0x00001ea8   ARM Code     196  jpegcodec.o(.text)
    jpegSetEncodeMode                        0x00001f6c   ARM Code     236  jpegcodec.o(.text)
    jpegSetDecodeMode                        0x00002058   ARM Code     148  jpegcodec.o(.text)
    jpegDecodeTrigger                        0x000020ec   ARM Code     116  jpegcodec.o(.text)
    jpegEncodeTrigger                        0x00002160   ARM Code     556  jpegcodec.o(.text)
    jpegGetScalingFactor                     0x0000238c   ARM Code      72  jpegcodec.o(.text)
    jpegSetWindowDecode                      0x000023d4   ARM Code      60  jpegcodec.o(.text)
    jpegAdjustQTAB                           0x00002410   ARM Code      52  jpegcodec.o(.text)
    jpegSetQTAB                              0x00002444   ARM Code     384  jpegcodec.o(.text)
    jpegIoctl                                0x000025c4   ARM Code     848  jpegcodec.o(.text)
    jpegClose                                0x00002914   ARM Code      44  jpegcodec.o(.text)
    jpegPollInt                              0x00002940   ARM Code      24  jpegcodec.o(.text)
    usbdClearAllFlags                        0x00002960   ARM Code      64  usbd.o(.text)
    udcOpen                                  0x000029a0   ARM Code     332  usbd.o(.text)
    usbd_update_device                       0x00002aec   ARM Code    1352  usbd.o(.text)
    usbd_send_descriptor                     0x00003034   ARM Code    1412  usbd.o(.text)
    usbd_control_packet                      0x000035b8   ARM Code    5044  usbd.o(.text)
    usbd_isr                                 0x0000496c   ARM Code    3556  usbd.o(.text)
    udcInit                                  0x00005750   ARM Code     340  usbd.o(.text)
    udcDeinit                                0x000058a4   ARM Code      36  usbd.o(.text)
    udcClose                                 0x000058c8   ARM Code      24  usbd.o(.text)
    udcIsAttached                            0x000058e0   ARM Code      16  usbd.o(.text)
    udcIsAttachedToHost                      0x000058f0   ARM Code      12  usbd.o(.text)
    udcSetSupendCallBack                     0x000058fc   ARM Code      12  usbd.o(.text)
    udcSetResumeCallBack                     0x00005908   ARM Code      12  usbd.o(.text)
    sysGetSdramSizebyMB                      0x0000593c   ARM Code     284  wb_cache.o(.text)
    sysEnableCache                           0x00005a58   ARM Code      44  wb_cache.o(.text)
    sysDisableCache                          0x00005a84   ARM Code      64  wb_cache.o(.text)
    sysFlushCache                            0x00005ac4   ARM Code     112  wb_cache.o(.text)
    sysInvalidCache                          0x00005b34   ARM Code      12  wb_cache.o(.text)
    sysGetCacheState                         0x00005b40   ARM Code      12  wb_cache.o(.text)
    sysGetCacheMode                          0x00005b4c   ARM Code      12  wb_cache.o(.text)
    _sysLockCode                             0x00005b58   ARM Code     132  wb_cache.o(.text)
    _sysUnLockCode                           0x00005bdc   ARM Code      20  wb_cache.o(.text)
    InitDelay                                0x00005bfc   ARM Code       4  wb_config.o(.text)
    sysInitDDR                               0x00005c00   ARM Code     280  wb_config.o(.text)
    sysInitDDRStart                          0x00005d18   ARM Code     112  wb_config.o(.text)
    sysInitMemory                            0x00005d88   ARM Code      16  wb_config.o(.text)
    sysGetPLLOutputKhz                       0x00005d98   ARM Code     144  wb_config.o(.text)
    sysCheckPllConstraint                    0x00005e28   ARM Code      12  wb_config.o(.text)
    sysGetPLLControlRegister                 0x00005e34   ARM Code     396  wb_config.o(.text)
    sysSetPLLControlRegister                 0x00005fc0   ARM Code      40  wb_config.o(.text)
    sysExternalClock                         0x00005fe8   ARM Code      60  wb_config.o(.text)
    sysClockSwitch                           0x00006024   ARM Code     872  wb_config.o(.text)
    sysClockSwitchStart                      0x0000638c   ARM Code     180  wb_config.o(.text)
    sysGetExternalClock                      0x00006440   ARM Code      92  wb_config.o(.text)
    sysSetSystemClock                        0x0000649c   ARM Code    1180  wb_config.o(.text)
    sysGetSystemClock                        0x00006938   ARM Code     136  wb_config.o(.text)
    sysSetPllClock                           0x000069c0   ARM Code     224  wb_config.o(.text)
    sysClockDiv                              0x00006aa0   ARM Code     392  wb_config.o(.text)
    sysClockDivSwitchStart                   0x00006c28   ARM Code     296  wb_config.o(.text)
    sysPowerDownPLL                          0x00006d50   ARM Code     196  wb_config.o(.text)
    sysGetCPUClock                           0x00006e14   ARM Code     320  wb_config.o(.text)
    sysSetCPUClock                           0x00006f54   ARM Code     276  wb_config.o(.text)
    sysGetAPBClock                           0x00007068   ARM Code      72  wb_config.o(.text)
    sysSetAPBClock                           0x000070b0   ARM Code     192  wb_config.o(.text)
    sysGetClock                              0x00007170   ARM Code    1088  wb_config.o(.text)
    sysTimerISR                              0x000075b4   ARM Code     512  wb_timer.o(.text)
    sysGetTicks                              0x000077b4   ARM Code      76  wb_timer.o(.text)
    sysResetTicks                            0x00007800   ARM Code      84  wb_timer.o(.text)
    sysUpdateTickCount                       0x00007854   ARM Code      76  wb_timer.o(.text)
    sysSetTimerReferenceClock                0x000078a0   ARM Code      76  wb_timer.o(.text)
    sysStartTimer                            0x000078ec   ARM Code     552  wb_timer.o(.text)
    sysStopTimer                             0x00007b14   ARM Code     264  wb_timer.o(.text)
    sysClearWatchDogTimerCount               0x00007c1c   ARM Code      44  wb_timer.o(.text)
    sysClearWatchDogTimerInterruptStatus     0x00007c48   ARM Code      44  wb_timer.o(.text)
    sysDisableWatchDogTimer                  0x00007c74   ARM Code      44  wb_timer.o(.text)
    sysDisableWatchDogTimerReset             0x00007ca0   ARM Code      44  wb_timer.o(.text)
    sysEnableWatchDogTimer                   0x00007ccc   ARM Code      44  wb_timer.o(.text)
    sysEnableWatchDogTimerReset              0x00007cf8   ARM Code      44  wb_timer.o(.text)
    sysInstallWatchDogTimerISR               0x00007d24   ARM Code      92  wb_timer.o(.text)
    sysSetWatchDogTimerInterval              0x00007d80   ARM Code      60  wb_timer.o(.text)
    sysSetTimerEvent                         0x00007dbc   ARM Code     444  wb_timer.o(.text)
    sysClearTimerEvent                       0x00007f78   ARM Code     180  wb_timer.o(.text)
    sysDOS_Time_To_UTC                       0x0000802c   ARM Code     300  wb_timer.o(.text)
    sysUTC_To_DOS_Time                       0x00008158   ARM Code     320  wb_timer.o(.text)
    sysSetLocalTime                          0x00008298   ARM Code      64  wb_timer.o(.text)
    sysGetCurrentTime                        0x000082d8   ARM Code      68  wb_timer.o(.text)
    sysDelay                                 0x0000831c   ARM Code      96  wb_timer.o(.text)
    sysUartPort                              0x000083ec   ARM Code     156  wb_uart.o(.text)
    sysUartInstallcallback                   0x00008488   ARM Code     120  wb_uart.o(.text)
    sysUartEnableInt                         0x00008874   ARM Code     148  wb_uart.o(.text)
    sysInitializeUART                        0x00008908   ARM Code     416  wb_uart.o(.text)
    _PutChar_f                               0x00008aa8   ARM Code     456  wb_uart.o(.text)
    sysPutString                             0x00008c70   ARM Code      40  wb_uart.o(.text)
    sysGetChipVersion                        0x000090a0   ARM Code      36  wb_uart.o(.text)
    sysprintf                                0x000090c4   ARM Code     360  wb_uart.o(.text)
    sysUartEnableDebugMessage                0x0000922c   ARM Code      64  wb_uart.o(.text)
    sysPrintf                                0x0000926c   ARM Code     288  wb_uart.o(.text)
    sysGetChar                               0x0000938c   ARM Code      52  wb_uart.o(.text)
    sysGetChar_NoBlocking                    0x000093c0   ARM Code      52  wb_uart.o(.text)
    sysPutChar                               0x000093f4   ARM Code     156  wb_uart.o(.text)
    sysUartTransfer                          0x00009490   ARM Code      68  wb_uart.o(.text)
    UartGetChar_NoBlocking                   0x00009668   ARM Code      52  wb_uart.o(.text)
    vpostLCMInit_FW043TFT_480x272            0x00009790   ARM Code     428  n9h20_vpost_fw043tft_480x272.o(.text)
    vpostLCMDeinit_FW043TFT_480x272          0x0000993c   ARM Code      40  n9h20_vpost_fw043tft_480x272.o(.text)
    vpostEnaBacklight                        0x00009964   ARM Code      60  n9h20_vpost_fw043tft_480x272.o(.text)
    sysIrqHandler                            0x000099a0   ARM Code     216  wb_aic.o(.text)
    sysFiqHandler                            0x00009a78   ARM Code     216  wb_aic.o(.text)
    WB_Interrupt_Shell                       0x00009b50   ARM Code       4  wb_aic.o(.text)
    sysInitializeAIC                         0x00009b54   ARM Code      60  wb_aic.o(.text)
    sysDisableInterrupt                      0x00009b90   ARM Code      52  wb_aic.o(.text)
    sysEnableInterrupt                       0x00009bc4   ARM Code      52  wb_aic.o(.text)
    sysInstallExceptionHandler               0x00009bf8   ARM Code     136  wb_aic.o(.text)
    sysInstallFiqHandler                     0x00009c80   ARM Code      20  wb_aic.o(.text)
    sysInstallIrqHandler                     0x00009c94   ARM Code      20  wb_aic.o(.text)
    sysInstallISR                            0x00009ca8   ARM Code     328  wb_aic.o(.text)
    sysSetGlobalInterrupt                    0x00009df0   ARM Code      84  wb_aic.o(.text)
    sysSetInterruptPriorityLevel             0x00009e44   ARM Code     196  wb_aic.o(.text)
    sysSetInterruptType                      0x00009f08   ARM Code     152  wb_aic.o(.text)
    sysSetLocalInterrupt                     0x00009fa0   ARM Code     140  wb_aic.o(.text)
    sysSetAIC2SWMode                         0x0000a02c   ARM Code      16  wb_aic.o(.text)
    sysGetInterruptEnableStatus              0x0000a03c   ARM Code      12  wb_aic.o(.text)
    sysGetIBitState                          0x0000a048   ARM Code      28  wb_aic.o(.text)
    sysSetMMUMappingMethod                   0x0000a078   ARM Code       8  wb_mmu.o(.text)
    sysInitMMUTable                          0x0000a080   ARM Code     168  wb_mmu.o(.text)
    vpostVAStartTrigger                      0x0000a138   ARM Code      24  n9h20_vpost_driver.o(.text)
    vpostVAStopTrigger                       0x0000a150   ARM Code      24  n9h20_vpost_driver.o(.text)
    vpostVAStartTrigger_MPUContinue          0x0000a168   ARM Code      88  n9h20_vpost_driver.o(.text)
    vpostVAStartTrigger_MPUSingle            0x0000a1c0   ARM Code      88  n9h20_vpost_driver.o(.text)
    vpostVAStopTriggerMPU                    0x0000a218   ARM Code      24  n9h20_vpost_driver.o(.text)
    vpostClearVABuffer                       0x0000a278   ARM Code      60  n9h20_vpost_driver.o(.text)
    vpostAllocVABuffer                       0x0000a2b4   ARM Code     168  n9h20_vpost_driver.o(.text)
    vpostAllocVABufferFromAP                 0x0000a35c   ARM Code      44  n9h20_vpost_driver.o(.text)
    vpostFreeVABuffer                        0x0000a388   ARM Code      60  n9h20_vpost_driver.o(.text)
    vpostSetLCDEnable                        0x0000a3c4   ARM Code      72  n9h20_vpost_driver.o(.text)
    vpostSetLCDConfig                        0x0000a40c   ARM Code      68  n9h20_vpost_driver.o(.text)
    vpostsetLCM_TimingType                   0x0000a450   ARM Code      56  n9h20_vpost_driver.o(.text)
    vpostSetLCM_TypeSelect                   0x0000a488   ARM Code      32  n9h20_vpost_driver.o(.text)
    vpostSetSerialSyncLCM_Interface          0x0000a4a8   ARM Code      32  n9h20_vpost_driver.o(.text)
    vpostSetSerialSyncLCM_ColorOrder         0x0000a4c8   ARM Code      56  n9h20_vpost_driver.o(.text)
    vpostSetSerialSyncLCM_CCIR656ModeSelect  0x0000a500   ARM Code      32  n9h20_vpost_driver.o(.text)
    vpostSetParalelSyncLCM_Interface         0x0000a520   ARM Code      32  n9h20_vpost_driver.o(.text)
    vpostSetFrameBuffer_DataType             0x0000a540   ARM Code      32  n9h20_vpost_driver.o(.text)
    vpostSetFrameBuffer_BaseAddress          0x0000a560   ARM Code      16  n9h20_vpost_driver.o(.text)
    vpostSetYUVEndianSelect                  0x0000a570   ARM Code      32  n9h20_vpost_driver.o(.text)
    vpostSetDataBusPin                       0x0000a590   ARM Code     416  n9h20_vpost_driver.o(.text)
    vpostSetDataBusPin_noDE                  0x0000a730   ARM Code     416  n9h20_vpost_driver.o(.text)
    vpostSetDataBusPin_onlyDE                0x0000a8d0   ARM Code     416  n9h20_vpost_driver.o(.text)
    vpostSetSyncLCM_HTiming                  0x0000aa70   ARM Code      84  n9h20_vpost_driver.o(.text)
    vpostSetSyncLCM_VTiming                  0x0000aac4   ARM Code      48  n9h20_vpost_driver.o(.text)
    vpostSetSyncLCM_ImageWindow              0x0000aaf4   ARM Code     100  n9h20_vpost_driver.o(.text)
    vpostSetSyncLCM_SignalPolarity           0x0000ab58   ARM Code     152  n9h20_vpost_driver.o(.text)
    vpostSetTVEnableConfig                   0x0000abf0   ARM Code     176  n9h20_vpost_driver.o(.text)
    vpostSetLCM_ImageSource                  0x0000aca0   ARM Code      28  n9h20_vpost_driver.o(.text)
    vpostMPULCDWriteAddr16Bit                0x0000acbc   ARM Code     172  n9h20_vpost_driver.o(.text)
    vpostMPULCDWriteData16Bit                0x0000ad68   ARM Code     168  n9h20_vpost_driver.o(.text)
    vpostMPULCDReadData16Bit                 0x0000ae10   ARM Code     164  n9h20_vpost_driver.o(.text)
    vpostEnableInt                           0x0000aeb4   ARM Code      36  n9h20_vpost_driver.o(.text)
    vpostDisableInt                          0x0000aed8   ARM Code      36  n9h20_vpost_driver.o(.text)
    vpostClearInt                            0x0000aefc   ARM Code      44  n9h20_vpost_driver.o(.text)
    vpostIsIntEnabled                        0x0000af28   ARM Code      36  n9h20_vpost_driver.o(.text)
    vpostInstallCallBack                     0x0000b06c   ARM Code     212  n9h20_vpost_driver.o(.text)
    vpostSetMPULCM_ImageWindow               0x0000b140   ARM Code      76  n9h20_vpost_driver.o(.text)
    vpostSetMPULCM_TimingConfig              0x0000b18c   ARM Code      44  n9h20_vpost_driver.o(.text)
    vpostSetMPULCM_BusModeSelect             0x0000b1b8   ARM Code      28  n9h20_vpost_driver.o(.text)
    vpostSetOSD_Enable                       0x0000b1d4   ARM Code      24  n9h20_vpost_driver.o(.text)
    vpostSetOSD_Disable                      0x0000b1ec   ARM Code      24  n9h20_vpost_driver.o(.text)
    vpostSetOSD_Size                         0x0000b204   ARM Code      60  n9h20_vpost_driver.o(.text)
    vpostSetOSD_Pos                          0x0000b240   ARM Code     124  n9h20_vpost_driver.o(.text)
    vpostSetOSD_DataType                     0x0000b2bc   ARM Code      32  n9h20_vpost_driver.o(.text)
    vpostSetOSD_Transparent_Enable           0x0000b2dc   ARM Code      24  n9h20_vpost_driver.o(.text)
    vpostSetOSD_Transparent_Disable          0x0000b2f4   ARM Code      24  n9h20_vpost_driver.o(.text)
    vpostSetOSD_Transparent                  0x0000b30c   ARM Code      96  n9h20_vpost_driver.o(.text)
    vpostSetOSD_BaseAddress                  0x0000b36c   ARM Code      12  n9h20_vpost_driver.o(.text)
    malloc                                   0x0000b385   Thumb Code    98  h1_alloc.o(.text)
    free                                     0x0000b3e7   Thumb Code    76  h1_free.o(.text)
    strlen                                   0x0000b435   Thumb Code    62  strlen.o(.text)
    __aeabi_memcpy                           0x0000b478   ARM Code       0  rt_memcpy.o(.text)
    __rt_memcpy                              0x0000b478   ARM Code     212  rt_memcpy.o(.text)
    _memcpy_lastbytes                        0x0000b52c   ARM Code       0  rt_memcpy.o(.text)
    __aeabi_memcpy4                          0x0000b54c   ARM Code       0  rt_memcpy_w.o(.text)
    __aeabi_memcpy8                          0x0000b54c   ARM Code       0  rt_memcpy_w.o(.text)
    __rt_memcpy_w                            0x0000b54c   ARM Code     100  rt_memcpy_w.o(.text)
    _memcpy_lastbytes_aligned                0x0000b598   ARM Code       0  rt_memcpy_w.o(.text)
    __aeabi_memclr                           0x0000b5b0   ARM Code       0  rt_memclr.o(.text)
    __rt_memclr                              0x0000b5b0   ARM Code      64  rt_memclr.o(.text)
    _memset                                  0x0000b5b4   ARM Code       0  rt_memclr.o(.text)
    __aeabi_memclr4                          0x0000b5f0   ARM Code       0  rt_memclr_w.o(.text)
    __aeabi_memclr8                          0x0000b5f0   ARM Code       0  rt_memclr_w.o(.text)
    __rt_memclr_w                            0x0000b5f0   ARM Code      84  rt_memclr_w.o(.text)
    _memset_w                                0x0000b5f4   ARM Code       0  rt_memclr_w.o(.text)
    __aeabi_uread4                           0x0000b644   ARM Code       0  uread4.o(.text)
    __rt_uread4                              0x0000b644   ARM Code      32  uread4.o(.text)
    __aeabi_uwrite4                          0x0000b664   ARM Code       0  uwrite4.o(.text)
    __rt_uwrite4                             0x0000b664   ARM Code      32  uwrite4.o(.text)
    __aeabi_idiv                             0x0000b684   ARM Code       0  aeabi_sdiv.o(.text)
    __aeabi_idivmod                          0x0000b684   ARM Code     380  aeabi_sdiv.o(.text)
    __rt_heap_descriptor                     0x0000b800   ARM Code      12  rt_heap_descriptor_intlibspace.o(.text)
    __use_no_heap                            0x0000b80d   Thumb Code     2  hguard.o(.text)
    __heap$guard                             0x0000b80f   Thumb Code     2  hguard.o(.text)
    _terminate_user_alloc                    0x0000b811   Thumb Code     2  init_alloc.o(.text)
    _init_user_alloc                         0x0000b813   Thumb Code     2  init_alloc.o(.text)
    __Heap_Full                              0x0000b815   Thumb Code    32  init_alloc.o(.text)
    __Heap_Broken                            0x0000b835   Thumb Code    10  init_alloc.o(.text)
    _init_alloc                              0x0000b83f   Thumb Code    90  init_alloc.o(.text)
    __Heap_Initialize                        0x0000b899   Thumb Code    10  h1_init.o(.text)
    __Heap_DescSize                          0x0000b8a3   Thumb Code     4  h1_init.o(.text)
    __user_libspace                          0x0000b8a8   ARM Code      12  libspace.o(.text)
    __user_perproc_libspace                  0x0000b8a8   ARM Code       0  libspace.o(.text)
    __user_perthread_libspace                0x0000b8a8   ARM Code       0  libspace.o(.text)
    __Heap_ProvideMemory                     0x0000b8b5   Thumb Code    52  h1_extend.o(.text)
    __rt_SIGRTMEM                            0x0000b8e9   Thumb Code    12  defsig_rtmem_outer.o(.text)
    __rt_heap_escrow                         0x0000b8f5   Thumb Code    24  heapauxa.o(.text)
    __rt_heap_expand                         0x0000b90d   Thumb Code    52  heapauxa.o(.text)
    __user_setup_stackheap                   0x0000b944   ARM Code      96  sys_stackheap_outer.o(.text)
    exit                                     0x0000b9a5   Thumb Code    12  exit.o(.text)
    __sig_exit                               0x0000b9b1   Thumb Code    12  defsig_exit.o(.text)
    __rt_SIGRTMEM_inner                      0x0000b9bd   Thumb Code    22  defsig_rtmem_inner.o(.text)
    __default_signal_display                 0x0000ba0d   Thumb Code    52  defsig_general.o(.text)
    __aeabi_uidiv                            0x0000ba40   ARM Code       0  aeabi_sdiv.o(.text_udiv)
    __aeabi_uidivmod                         0x0000ba40   ARM Code      36  aeabi_sdiv.o(.text_udiv)
    __fpl_fcheck_NaN1                        0x0000ba64   ARM Code       8  fcheck1.o(x$fpl$fcheck1)
    __aeabi_fdiv                             0x0000ba70   ARM Code       0  fdiv.o(x$fpl$fdiv)
    _fdiv                                    0x0000ba70   ARM Code     396  fdiv.o(x$fpl$fdiv)
    __aeabi_f2uiz                            0x0000bc00   ARM Code       0  ffixu.o(x$fpl$ffixu)
    _ffixu                                   0x0000bc00   ARM Code      84  ffixu.o(x$fpl$ffixu)
    __aeabi_i2f                              0x0000bc54   ARM Code       0  fflt_clz.o(x$fpl$fflt)
    _fflt                                    0x0000bc54   ARM Code      48  fflt_clz.o(x$fpl$fflt)
    __aeabi_ui2f                             0x0000bc84   ARM Code       0  fflt_clz.o(x$fpl$ffltu)
    _ffltu                                   0x0000bc84   ARM Code      40  fflt_clz.o(x$fpl$ffltu)
    __fpl_fnaninf                            0x0000bcac   ARM Code     160  fnaninf.o(x$fpl$fnaninf)
    __fpl_fretinf                            0x0000bd4c   ARM Code      16  fretinf.o(x$fpl$fretinf)
    __fpl_return_NaN                         0x0000bd5c   ARM Code     116  retnan.o(x$fpl$retnan)
    __ARM_scalbnf                            0x0000bdd0   ARM Code      92  scalbnf.o(x$fpl$scalbnf)
    __fpl_cmpreturn                          0x0000be2c   ARM Code      60  trapv.o(x$fpl$trapveneer)
    __I$use$fp                               0x0000be68   Number         0  usenofp.o(x$fpl$usenofp)
    Region$$Table$$Base                      0x0000be8c   Number         0  anon$$obj.o(Region$$Table)
    Region$$Table$$Limit                     0x0000bebc   Number         0  anon$$obj.o(Region$$Table)
    u32Ready                                 0x0000bebc   Data           4  hid.o(.data)
    g_Version                                0x0000bec0   Data           4  hid.o(.data)
    g_Status                                 0x0000bec4   Data           4  hid.o(.data)
    gi32CmdTestCnt                           0x0000becc   Data           4  hid.o(.data)
    HID_DeviceReportDescriptor               0x0000bed0   Data          35  hid.o(.data)
    HID_DeviceReportDescriptor_FS            0x0000bef4   Data          29  hid.o(.data)
    gu8DeviceDescriptor                      0x0000bf14   Data          18  hid.o(.data)
    HID_StringDescriptor1                    0x0000bf84   Data          16  hid.o(.data)
    HID_StringDescriptor2                    0x0000bf94   Data          16  hid.o(.data)
    HID_StringDescriptor3                    0x0000bfa4   Data          26  hid.o(.data)
    g_u32EPA_MXP                             0x0000bfc0   Data           4  hid.o(.data)
    g_u32EPB_MXP                             0x0000bfc4   Data           4  hid.o(.data)
    g_u32ReadWriteSize                       0x0000bfc8   Data           4  hid.o(.data)
    imagebuf                                 0x0000bfcc   Data           4  hid.o(.data)
    pCmd                                     0x0000bfd0   Data           4  hid.o(.data)
    g_u8PageBuff                             0x0000bfd4   Data           4  hid.o(.data)
    g_u8TestPages                            0x0000bfd8   Data           4  hid.o(.data)
    g_Temp                                   0x0000bfdc   Data           4  hid.o(.data)
    g_u8JPEGBuff                             0x0000bfe0   Data           4  hid.o(.data)
    g_VAFrameBuf                             0x0000bfe4   Data           4  n9h20_vpost.o(.data)
    g_VAOrigFrameBuf                         0x0000bfe8   Data           4  n9h20_vpost.o(.data)
    g_bWait                                  0x0000bfec   Data           1  jpegcodec.o(.data)
    g_jpegError                              0x0000bfed   Data           1  jpegcodec.o(.data)
    g_bScale                                 0x0000bfee   Data           1  jpegcodec.o(.data)
    g_InputWait                              0x0000bfef   Data           1  jpegcodec.o(.data)
    g_u32WindowDec                           0x0000bff0   Data           1  jpegcodec.o(.data)
    g_bEncThumbnailDownScale                 0x0000bff1   Data           1  jpegcodec.o(.data)
    g_bEncPrimaryDownScale                   0x0000bff2   Data           1  jpegcodec.o(.data)
    g_u16BufferSize                          0x0000bff4   Data           2  jpegcodec.o(.data)
    g_u16ReserveSize                         0x0000bff6   Data           2  jpegcodec.o(.data)
    g_u32EncRotate                           0x0000bff8   Data           4  jpegcodec.o(.data)
    pfnJpegHeaderDecode                      0x0000bffc   Data           4  jpegcodec.o(.data)
    pfnJpegDecInputWait                      0x0000c000   Data           4  jpegcodec.o(.data)
    g_u32Stride                              0x0000c004   Data           4  jpegcodec.o(.data)
    g_u32ScaleWidth                          0x0000c008   Data           4  jpegcodec.o(.data)
    g_u32ScaleHeight                         0x0000c00c   Data           4  jpegcodec.o(.data)
    g_u32OpMode                              0x0000c010   Data           4  jpegcodec.o(.data)
    g_u32BufferCount                         0x0000c014   Data           4  jpegcodec.o(.data)
    g_u32DecInputWaitAddr                    0x0000c018   Data           4  jpegcodec.o(.data)
    g_u32OutputFormat                        0x0000c01c   Data           4  jpegcodec.o(.data)
    g_u32windowSizeX                         0x0000c020   Data           4  jpegcodec.o(.data)
    g_u32windowSizeY                         0x0000c024   Data           4  jpegcodec.o(.data)
    g_au8QTable0                             0x0000c028   Data          64  jpegcodec.o(.data)
    g_au8QTable1                             0x0000c068   Data          64  jpegcodec.o(.data)
    g_u32Suspend_Flag                        0x0000c0a8   Data           4  usbd.o(.data)
    pfnSuspend                               0x0000c0ac   Data           4  usbd.o(.data)
    pfnResume                                0x0000c0b0   Data           4  usbd.o(.data)
    g_bHostAttached                          0x0000c0b4   Data           1  usbd.o(.data)
    class_out_len                            0x0000c0b8   Data           4  usbd.o(.data)
    zeropacket_flag                          0x0000c0bc   Data           4  usbd.o(.data)
    _usb_cmd_pkt                             0x0000c0c0   Data           8  usbd.o(.data)
    usb_halt_ep                              0x0000c0c8   Data           4  usbd.o(.data)
    _sys_IsCacheOn                           0x0000c0cc   Data           1  wb_cache.o(.data)
    _sys_CacheMode                           0x0000c0d0   Data           4  wb_cache.o(.data)
    bIsCpuOver2xHclk                         0x0000c0e8   Data           1  wb_config.o(.data)
    bIsCheckPllConstraint                    0x0000c0f0   Data           1  wb_config.o(.data)
    bIsAPLLInitialize                        0x0000c0f1   Data           1  wb_config.o(.data)
    _sys_uTimer0ClockRate                    0x0000c110   Data           4  wb_timer.o(.data)
    _sys_uTimer0Count                        0x0000c114   Data           4  wb_timer.o(.data)
    _sys_uTime0EventCount                    0x0000c118   Data           4  wb_timer.o(.data)
    _sys_bIsSetTime0Event                    0x0000c11c   Data           1  wb_timer.o(.data)
    _sys_bIsTimer0Initial                    0x0000c11d   Data           1  wb_timer.o(.data)
    _sys_uTimer1ClockRate                    0x0000c120   Data           4  wb_timer.o(.data)
    _sys_uTimer1Count                        0x0000c124   Data           4  wb_timer.o(.data)
    _sys_uTime1EventCount                    0x0000c128   Data           4  wb_timer.o(.data)
    _sys_bIsSetTime1Event                    0x0000c12c   Data           1  wb_timer.o(.data)
    _sys_bIsTimer1Initial                    0x0000c12d   Data           1  wb_timer.o(.data)
    _sys_ReferenceTime_Clock                 0x0000c130   Data           4  wb_timer.o(.data)
    _sys_pvOldTimer0Vect                     0x0000c164   Data           4  wb_timer.o(.data)
    _sys_uTimer0TickPerSecond                0x0000c168   Data           4  wb_timer.o(.data)
    _sys_pvOldTimer1Vect                     0x0000c16c   Data           4  wb_timer.o(.data)
    _sys_uTimer1TickPerSecond                0x0000c170   Data           4  wb_timer.o(.data)
    _sys_ReferenceTime_UTC                   0x0000c174   Data           4  wb_timer.o(.data)
    nvt_uart1                                0x0000c190   Data          36  wb_uart.o(.data)
    _sys_bIsAICInitial                       0x0000c1c0   Data           1  wb_aic.o(.data)
    _sys_bIsHWMode                           0x0000c1c1   Data           1  wb_aic.o(.data)
    sysIrqHandlerTable                       0x0000c1c4   Data         128  wb_aic.o(.data)
    sysFiqHandlerTable                       0x0000c244   Data         128  wb_aic.o(.data)
    g_nFrameBufferSize                       0x0000c2c8   Data           4  n9h20_vpost_driver.o(.data)
    g_pu8FrameBuffer                         0x0000c2e0   Data       261120  main.o(.bss)
    lcdInfo                                  0x0004bee0   Data          20  main.o(.bss)
    g_Parameter                              0x0004bf00   Data       10000  hid.o(.bss)
    image_buffer                             0x0014e820   Data         512  hid.o(.bss)
    gCmd                                     0x0014ea20   Data          18  hid.o(.bss)
    usbdInfo                                 0x0014ec58   Data         366  usbd.o(.bss)
    usbdStatus                               0x0014edc8   Data          12  usbd.o(.bss)
    tTime0Event                              0x0014edd4   Data         160  wb_timer.o(.bss)
    tTime1Event                              0x0014ee74   Data         160  wb_timer.o(.bss)
    pfnUartIntHandlerTable                   0x0014ef14   Data          24  wb_uart.o(.bss)
    _mmuSectionTable                         0x00150000   Data       16384  wb_mmu.o(.bss)
    _tmp_buf                                 0x00154000   Data        8192  wb_power.o(.bss)
    g_pfnVpostCallback                       0x00156000   Data          16  n9h20_vpost_driver.o(.bss)
    __libspace_start                         0x00156010   Data          96  libspace.o(.bss)
    Image$$ZI$$Limit                         0x00156070   Number         0  anon$$obj.o(linker$$defined$$symbols)
    __temporary_stack_top$libspace           0x00156070   Data           0  libspace.o(.bss)



==============================================================================

Memory Map of the image

  Image Entry point : 0x00000000

  Load Region LR_IROM1 (Base: 0x00000000, Size: 0x0000c2d0, Max: 0x00800000, ABSOLUTE, COMPRESSED[0x0000c024])

    Execution Region ER_IROM1 (Base: 0x00000000, Size: 0x0000bebc, Max: 0x00800000, ABSOLUTE)

    Base Addr    Size         Type   Attr      Idx    E Section Name        Object

    0x00000000   0x000000ac   Code   RO           14  * WB_INIT             wb_init.o
    0x000000ac   0x00000008   Code   RO          496  * !!!main             c_5.l(__main.o)
    0x000000b4   0x0000003c   Code   RO          732    !!!scatter          c_5.l(__scatter.o)
    0x000000f0   0x0000005c   Code   RO          730    !!dczerorl2         c_5.l(__dczerorl2.o)
    0x0000014c   0x00000028   Code   RO          734    !!handler_copy      c_5.l(__scatter_copy.o)
    0x00000174   0x0000002c   Code   RO          736    !!handler_zi        c_5.l(__scatter_zi.o)
    0x000001a0   0x00000002   Code   RO          671    .ARM.Collect$$libinit$$00000000  c_5.l(libinit.o)
    0x000001a2   0x00000000   Code   RO          549    .ARM.Collect$$libinit$$00000002  c_5.l(libinit2.o)
    0x000001a2   0x00000008   Code   RO          550    .ARM.Collect$$libinit$$00000003  c_5.l(libinit2.o)
    0x000001aa   0x00000000   Code   RO          552    .ARM.Collect$$libinit$$00000008  c_5.l(libinit2.o)
    0x000001aa   0x00000000   Code   RO          554    .ARM.Collect$$libinit$$0000000A  c_5.l(libinit2.o)
    0x000001aa   0x00000000   Code   RO          556    .ARM.Collect$$libinit$$0000000C  c_5.l(libinit2.o)
    0x000001aa   0x00000000   Code   RO          559    .ARM.Collect$$libinit$$0000000F  c_5.l(libinit2.o)
    0x000001aa   0x00000000   Code   RO          561    .ARM.Collect$$libinit$$00000011  c_5.l(libinit2.o)
    0x000001aa   0x00000000   Code   RO          563    .ARM.Collect$$libinit$$00000013  c_5.l(libinit2.o)
    0x000001aa   0x00000000   Code   RO          565    .ARM.Collect$$libinit$$00000015  c_5.l(libinit2.o)
    0x000001aa   0x00000000   Code   RO          567    .ARM.Collect$$libinit$$00000017  c_5.l(libinit2.o)
    0x000001aa   0x00000000   Code   RO          569    .ARM.Collect$$libinit$$00000019  c_5.l(libinit2.o)
    0x000001aa   0x00000000   Code   RO          571    .ARM.Collect$$libinit$$0000001B  c_5.l(libinit2.o)
    0x000001aa   0x00000000   Code   RO          573    .ARM.Collect$$libinit$$0000001D  c_5.l(libinit2.o)
    0x000001aa   0x00000000   Code   RO          575    .ARM.Collect$$libinit$$0000001F  c_5.l(libinit2.o)
    0x000001aa   0x00000000   Code   RO          577    .ARM.Collect$$libinit$$00000021  c_5.l(libinit2.o)
    0x000001aa   0x00000000   Code   RO          579    .ARM.Collect$$libinit$$00000023  c_5.l(libinit2.o)
    0x000001aa   0x00000000   Code   RO          583    .ARM.Collect$$libinit$$0000002A  c_5.l(libinit2.o)
    0x000001aa   0x00000000   Code   RO          585    .ARM.Collect$$libinit$$0000002C  c_5.l(libinit2.o)
    0x000001aa   0x00000000   Code   RO          587    .ARM.Collect$$libinit$$0000002E  c_5.l(libinit2.o)
    0x000001aa   0x00000000   Code   RO          589    .ARM.Collect$$libinit$$00000030  c_5.l(libinit2.o)
    0x000001aa   0x00000002   Code   RO          590    .ARM.Collect$$libinit$$00000031  c_5.l(libinit2.o)
    0x000001ac   0x00000002   Code   RO          726    .ARM.Collect$$libshutdown$$00000000  c_5.l(libshutdown.o)
    0x000001ae   0x00000000   Code   RO          688    .ARM.Collect$$libshutdown$$00000003  c_5.l(libshutdown2.o)
    0x000001ae   0x00000000   Code   RO          691    .ARM.Collect$$libshutdown$$00000006  c_5.l(libshutdown2.o)
    0x000001ae   0x00000000   Code   RO          694    .ARM.Collect$$libshutdown$$00000009  c_5.l(libshutdown2.o)
    0x000001ae   0x00000000   Code   RO          696    .ARM.Collect$$libshutdown$$0000000B  c_5.l(libshutdown2.o)
    0x000001ae   0x00000000   Code   RO          699    .ARM.Collect$$libshutdown$$0000000E  c_5.l(libshutdown2.o)
    0x000001ae   0x00000002   Code   RO          700    .ARM.Collect$$libshutdown$$0000000F  c_5.l(libshutdown2.o)
    0x000001b0   0x00000000   Code   RO          516    .ARM.Collect$$rtentry$$00000000  c_5.l(rtentry.o)
    0x000001b0   0x00000000   Code   RO          604    .ARM.Collect$$rtentry$$00000002  c_5.l(rtentry2.o)
    0x000001b0   0x00000008   Code   RO          616    .ARM.Collect$$rtentry$$00000004  c_5.l(rtentry4.o)
    0x000001b8   0x00000000   Code   RO          606    .ARM.Collect$$rtentry$$00000009  c_5.l(rtentry2.o)
    0x000001b8   0x00000004   Code   RO          607    .ARM.Collect$$rtentry$$0000000A  c_5.l(rtentry2.o)
    0x000001bc   0x00000000   Code   RO          609    .ARM.Collect$$rtentry$$0000000C  c_5.l(rtentry2.o)
    0x000001bc   0x00000028   Code   RO          610    .ARM.Collect$$rtentry$$0000000D  c_5.l(rtentry2.o)
    0x000001e4   0x00000004   Code   RO          674    .ARM.Collect$$rtexit$$00000000  c_5.l(rtexit.o)
    0x000001e8   0x00000000   Code   RO          702    .ARM.Collect$$rtexit$$00000002  c_5.l(rtexit2.o)
    0x000001e8   0x00000004   Code   RO          703    .ARM.Collect$$rtexit$$00000003  c_5.l(rtexit2.o)
    0x000001ec   0x00000008   Code   RO          704    .ARM.Collect$$rtexit$$00000004  c_5.l(rtexit2.o)
    0x000001f4   0x0000000c   Code   RO          217    .emb_text           N9H20_SYS.lib(wb_cache.o)
    0x00000200   0x00000024   Code   RO          345    .emb_text           N9H20_SYS.lib(wb_mmu.o)
    0x00000224   0x00000000   Code   RO          622    .emb_text           c_5.l(maybetermalloc1.o)
    0x00000224   0x00000040   Code   RO            1    .text               standalone.o
    0x00000264   0x000001bc   Code   RO           18    .text               main.o
    0x00000420   0x000001b0   Code   RO           72    .text               jpegdec.o
    0x000005d0   0x00001038   Code   RO           91    .text               hid.o
    0x00001608   0x0000009c   Code   RO          111    .text               N9H20_VPOST_FW043TFT_480x272.lib(n9h20_vpost.o)
    0x000016a4   0x000012bc   Code   RO          144    .text               N9H20_JPEG.lib(jpegcodec.o)
    0x00002960   0x00002fdc   Code   RO          183    .text               N9H20_UDC.lib(usbd.o)
    0x0000593c   0x000002c0   Code   RO          218    .text               N9H20_SYS.lib(wb_cache.o)
    0x00005bfc   0x000019b8   Code   RO          251    .text               N9H20_SYS.lib(wb_config.o)
    0x000075b4   0x00000e38   Code   RO          271    .text               N9H20_SYS.lib(wb_timer.o)
    0x000083ec   0x000012b0   Code   RO          291    .text               N9H20_SYS.lib(wb_uart.o)
    0x0000969c   0x00000304   Code   RO          311    .text               N9H20_VPOST_FW043TFT_480x272.lib(n9h20_vpost_fw043tft_480x272.o)
    0x000099a0   0x000006d8   Code   RO          330    .text               N9H20_SYS.lib(wb_aic.o)
    0x0000a078   0x000000c0   Code   RO          346    .text               N9H20_SYS.lib(wb_mmu.o)
    0x0000a138   0x0000124c   Code   RO          380    .text               N9H20_VPOST_FW043TFT_480x272.lib(n9h20_vpost_driver.o)
    0x0000b384   0x00000062   Code   RO          406    .text               c_5.l(h1_alloc.o)
    0x0000b3e6   0x0000004c   Code   RO          408    .text               c_5.l(h1_free.o)
    0x0000b432   0x00000002   PAD
    0x0000b434   0x00000044   Code   RO          466    .text               c_5.l(strlen.o)
    0x0000b478   0x000000d4   Code   RO          468    .text               c_5.l(rt_memcpy.o)
    0x0000b54c   0x00000064   Code   RO          470    .text               c_5.l(rt_memcpy_w.o)
    0x0000b5b0   0x00000040   Code   RO          472    .text               c_5.l(rt_memclr.o)
    0x0000b5f0   0x00000054   Code   RO          474    .text               c_5.l(rt_memclr_w.o)
    0x0000b644   0x00000020   Code   RO          476    .text               c_5.l(uread4.o)
    0x0000b664   0x00000020   Code   RO          478    .text               c_5.l(uwrite4.o)
    0x0000b684   0x0000017c   Code   RO          480    .text               c_5.l(aeabi_sdiv.o)
    0x0000b800   0x0000000c   Code   RO          524    .text               c_5.l(rt_heap_descriptor_intlibspace.o)
    0x0000b80c   0x00000004   Code   RO          526    .text               c_5.l(hguard.o)
    0x0000b810   0x00000088   Code   RO          528    .text               c_5.l(init_alloc.o)
    0x0000b898   0x0000000e   Code   RO          532    .text               c_5.l(h1_init.o)
    0x0000b8a6   0x00000002   PAD
    0x0000b8a8   0x0000000c   Code   RO          600    .text               c_5.l(libspace.o)
    0x0000b8b4   0x00000034   Code   RO          624    .text               c_5.l(h1_extend.o)
    0x0000b8e8   0x0000000c   Code   RO          628    .text               c_5.l(defsig_rtmem_outer.o)
    0x0000b8f4   0x00000050   Code   RO          632    .text               c_5.l(heapauxa.o)
    0x0000b944   0x00000060   Code   RO          646    .text               c_5.l(sys_stackheap_outer.o)
    0x0000b9a4   0x0000000c   Code   RO          652    .text               c_5.l(exit.o)
    0x0000b9b0   0x0000000c   Code   RO          654    .text               c_5.l(defsig_exit.o)
    0x0000b9bc   0x00000050   Code   RO          660    .text               c_5.l(defsig_rtmem_inner.o)
    0x0000ba0c   0x00000034   Code   RO          682    .text               c_5.l(defsig_general.o)
    0x0000ba40   0x00000024   Code   RO          481    .text_udiv          c_5.l(aeabi_sdiv.o)
    0x0000ba64   0x0000000c   Code   RO          591    x$fpl$fcheck1       fz_5s.l(fcheck1.o)
    0x0000ba70   0x00000190   Code   RO          499    x$fpl$fdiv          fz_5s.l(fdiv.o)
    0x0000bc00   0x00000054   Code   RO          502    x$fpl$ffixu         fz_5s.l(ffixu.o)
    0x0000bc54   0x00000030   Code   RO          507    x$fpl$fflt          fz_5s.l(fflt_clz.o)
    0x0000bc84   0x00000028   Code   RO          506    x$fpl$ffltu         fz_5s.l(fflt_clz.o)
    0x0000bcac   0x000000a0   Code   RO          593    x$fpl$fnaninf       fz_5s.l(fnaninf.o)
    0x0000bd4c   0x00000010   Code   RO          595    x$fpl$fretinf       fz_5s.l(fretinf.o)
    0x0000bd5c   0x00000074   Code   RO          641    x$fpl$retnan        fz_5s.l(retnan.o)
    0x0000bdd0   0x0000005c   Code   RO          512    x$fpl$scalbnf       fz_5s.l(scalbnf.o)
    0x0000be2c   0x0000003c   Code   RO          672    x$fpl$trapveneer    fz_5s.l(trapv.o)
    0x0000be68   0x00000000   Code   RO          597    x$fpl$usenofp       fz_5s.l(usenofp.o)
    0x0000be68   0x00000010   Data   RO          252    .constdata          N9H20_SYS.lib(wb_config.o)
    0x0000be78   0x00000014   Data   RO          312    .constdata          N9H20_VPOST_FW043TFT_480x272.lib(n9h20_vpost_fw043tft_480x272.o)
    0x0000be8c   0x00000030   Data   RO          727    Region$$Table       anon$$obj.o


    Execution Region RW_RAM1 (Base: 0x0000bebc, Size: 0x0014a1b4, Max: 0xffffffff, ABSOLUTE, COMPRESSED[0x00000168])

    Base Addr    Size         Type   Attr      Idx    E Section Name        Object

    0x0000bebc   0x00000128   Data   RW           93    .data               hid.o
    0x0000bfe4   0x00000008   Data   RW          112    .data               N9H20_VPOST_FW043TFT_480x272.lib(n9h20_vpost.o)
    0x0000bfec   0x000000bc   Data   RW          146    .data               N9H20_JPEG.lib(jpegcodec.o)
    0x0000c0a8   0x00000024   Data   RW          185    .data               N9H20_UDC.lib(usbd.o)
    0x0000c0cc   0x00000008   Data   RW          219    .data               N9H20_SYS.lib(wb_cache.o)
    0x0000c0d4   0x0000003c   Data   RW          253    .data               N9H20_SYS.lib(wb_config.o)
    0x0000c110   0x00000068   Data   RW          273    .data               N9H20_SYS.lib(wb_timer.o)
    0x0000c178   0x00000048   Data   RW          293    .data               N9H20_SYS.lib(wb_uart.o)
    0x0000c1c0   0x00000104   Data   RW          331    .data               N9H20_SYS.lib(wb_aic.o)
    0x0000c2c4   0x00000001   Data   RW          348    .data               N9H20_SYS.lib(wb_mmu.o)
    0x0000c2c5   0x00000003   PAD
    0x0000c2c8   0x00000004   Data   RW          382    .data               N9H20_VPOST_FW043TFT_480x272.lib(n9h20_vpost_driver.o)
    0x0000c2cc   0x00000004   Data   RW          633    .data               c_5.l(heapauxa.o)
    0x0000c2d0   0x00000010   PAD
    0x0000c2e0   0x0003fc14   Zero   RW           19    .bss                main.o
    0x0004bef4   0x0000000c   PAD
    0x0004bf00   0x00102d34   Zero   RW           92    .bss                hid.o
    0x0014ec34   0x00000024   Zero   RW          145    .bss                N9H20_JPEG.lib(jpegcodec.o)
    0x0014ec58   0x0000017c   Zero   RW          184    .bss                N9H20_UDC.lib(usbd.o)
    0x0014edd4   0x00000140   Zero   RW          272    .bss                N9H20_SYS.lib(wb_timer.o)
    0x0014ef14   0x0000017c   Zero   RW          292    .bss                N9H20_SYS.lib(wb_uart.o)
    0x0014f090   0x00000f70   PAD
    0x00150000   0x00004000   Zero   RW          347    .bss                N9H20_SYS.lib(wb_mmu.o)
    0x00154000   0x00002000   Zero   RW          366    .bss                N9H20_SYS.lib(wb_power.o)
    0x00156000   0x00000010   Zero   RW          381    .bss                N9H20_VPOST_FW043TFT_480x272.lib(n9h20_vpost_driver.o)
    0x00156010   0x00000060   Zero   RW          601    .bss                c_5.l(libspace.o)


    Execution Region ZI (Base: 0x00156070, Size: 0x00000000, Max: 0xffffffff, ABSOLUTE)

    Base Addr    Size         Type   Attr      Idx    E Section Name        Object

    0x00156070   0x00000000   Data   RO          729    linker$$defined$$symbols  anon$$obj.o


==============================================================================

Image component sizes


      Code (inc. data)   RO Data    RW Data    ZI Data      Debug   Object Name

      4152        464          0        296    1060148      12593   hid.o
       432          8          0          0          0       4380   jpegdec.o
       444         56          0          0     261140      16180   main.o
        64          4          0          0          0       2765   standalone.o
       172         56          0          0          0        304   wb_init.o

    ----------------------------------------------------------------------
      5264        588         48        296    1321300      36222   Object Totals
         0          0         48          0          0          0   (incl. Generated)
         0          0          0          0         12          0   (incl. Padding)

    ----------------------------------------------------------------------

      Code (inc. data)   RO Data    RW Data    ZI Data      Debug   Library Member Name

      4796         52          0        188         36      17554   jpegcodec.o
      1752         20          0        260          0       5547   wb_aic.o
       716         12          0          8          0       7832   wb_cache.o
      6584        176         16         60          0      11384   wb_config.o
       228         16          0          1      16384       1708   wb_mmu.o
         0          0          0          0       8192        483   wb_power.o
      3640        112          0        104        320       7980   wb_timer.o
      4784         96          0         72        380       8766   wb_uart.o
     12252        236          0         36        380      13480   usbd.o
       156          8          0          8          0      12399   n9h20_vpost.o
      4684         32          0          4         16      10923   n9h20_vpost_driver.o
       772         36         20          0          0      11878   n9h20_vpost_fw043tft_480x272.o
        92          0          0          0          0          0   __dczerorl2.o
         8          0          0          0          0         68   __main.o
        60          8          0          0          0          0   __scatter.o
        40          0          0          0          0          0   __scatter_copy.o
        44          0          0          0          0          0   __scatter_zi.o
       416          0          0          0          0        144   aeabi_sdiv.o
        12          0          0          0          0         68   defsig_exit.o
        52          0          0          0          0         72   defsig_general.o
        80         58          0          0          0         68   defsig_rtmem_inner.o
        12          0          0          0          0         68   defsig_rtmem_outer.o
        12          0          0          0          0         64   exit.o
        98          0          0          0          0         72   h1_alloc.o
        52          0          0          0          0         68   h1_extend.o
        76          0          0          0          0         72   h1_free.o
        14          0          0          0          0         76   h1_init.o
        80          4          0          4          0         88   heapauxa.o
         4          0          0          0          0        120   hguard.o
       136          0          0          0          0        160   init_alloc.o
         2          0          0          0          0          0   libinit.o
        10          0          0          0          0          0   libinit2.o
         2          0          0          0          0          0   libshutdown.o
         2          0          0          0          0          0   libshutdown2.o
        12          4          0          0         96         68   libspace.o
         0          0          0          0          0          0   maybetermalloc1.o
        12          4          0          0          0         68   rt_heap_descriptor_intlibspace.o
        64          0          0          0          0         68   rt_memclr.o
        84          0          0          0          0         80   rt_memclr_w.o
       212          0          0          0          0         68   rt_memcpy.o
       100          0          0          0          0         80   rt_memcpy_w.o
         0          0          0          0          0          0   rtentry.o
        44          4          0          0          0          0   rtentry2.o
         8          0          0          0          0          0   rtentry4.o
         4          0          0          0          0          0   rtexit.o
        12          0          0          0          0          0   rtexit2.o
        68          6          0          0          0         72   strlen.o
        96          0          0          0          0         80   sys_stackheap_outer.o
        32          0          0          0          0         68   uread4.o
        32          0          0          0          0         68   uwrite4.o
        12          4          0          0          0         68   fcheck1.o
       400         76          0          0          0         96   fdiv.o
        84          4          0          0          0         84   ffixu.o
        88          0          0          0          0        136   fflt_clz.o
       160          0          0          0          0         84   fnaninf.o
        16          0          0          0          0         68   fretinf.o
       116          0          0          0          0         68   retnan.o
        92          0          0          0          0         68   scalbnf.o
        60          0          0          0          0         68   trapv.o
         0          0          0          0          0          0   usenofp.o

    ----------------------------------------------------------------------
     43480        968         36        748      29772     112602   Library Totals
         4          0          0          3       3968          0   (incl. Padding)

    ----------------------------------------------------------------------

      Code (inc. data)   RO Data    RW Data    ZI Data      Debug   Library Name

      4796         52          0        188         36      17554   N9H20_JPEG.lib
     17704        432         16        505      25276      43700   N9H20_SYS.lib
     12252        236          0         36        380      13480   N9H20_UDC.lib
      5612         76         20         12         16      35200   N9H20_VPOST_FW043TFT_480x272.lib
      2084         88          0          4         96       1928   c_5.l
      1028         84          0          0          0        740   fz_5s.l

    ----------------------------------------------------------------------
     43480        968         36        748      29772     112602   Library Totals

    ----------------------------------------------------------------------

==============================================================================


      Code (inc. data)   RO Data    RW Data    ZI Data      Debug   

     48744       1556         84       1044    1351072     145176   Grand Totals
     48744       1556         84        360    1351072     145176   ELF Image Totals (compressed)
     48744       1556         84        360          0          0   ROM Totals

==============================================================================

    Total RO  Size (Code + RO Data)                48828 (  47.68kB)
    Total RW  Size (RW Data + ZI Data)           1352116 (1320.43kB)
    Total ROM Size (Code + RO Data + RW Data)      49188 (  48.04kB)

==============================================================================

